Microchip MPLAB XC8 Compiler V2.36

Linker command line:

-W-3 --edf=/opt/microchip/xc8/v2.36/pic/dat/en_msgs.txt -cn \
  -h+dist/default/production/TFTDriveST7735PIC18f45k20.X.production.sym \
  --cmf=dist/default/production/TFTDriveST7735PIC18f45k20.X.production.cmf \
  -z -Q18F45K20 -o/tmp/xcXgeDlih --defsym=__MPLAB_BUILD=1 \
  -Mdist/default/production/TFTDriveST7735PIC18f45k20.X.production.map \
  --md=/tmp/xcXElNkBN.dat -E1 -ver=XC8 Compiler --acfsm=1493 \
  -ACODE=00h-07FFFh -ACONST=00h-07FFFh -ASMALLCONST=0600h-06FFhx122 \
  -AMEDIUMCONST=0600h-07FFFh -ACOMRAM=01h-05Fh -AABS1=00h-05FFh \
  -ABIGRAM=01h-05FFh -ARAM=060h-0FFh,0100h-01FFhx5 -ABANK0=060h-0FFh \
  -ABANK1=0100h-01FFh -ABANK2=0200h-02FFh -ABANK3=0300h-03FFh \
  -ABANK4=0400h-04FFh -ABANK5=0500h-05FFh -ASFR=0F60h-0FFFh \
  -ABIGSFR=0F60h-0FFFh -ACONFIG=0300000h-030000Dh -AIDLOC=0200000h-0200007h \
  -AEEDATA=0F00000h-0F000FFh -peeprom_data=EEDATA \
  -preset_vec=00h,intcode,intcodelo,powerup,init -pramtop=0600h \
  -psmallconst=SMALLCONST -pmediumconst=MEDIUMCONST -pconst=CONST \
  -AFARRAM=00h-00h \
  -prdata=COMRAM,nvrram=COMRAM,nvbit=COMRAM,rbss=COMRAM,rbit=COMRAM \
  -pfarbss=FARRAM,fardata=FARRAM,nvFARRAM=FARRAM \
  -pintsave_regs=BIGRAM,bigbss=BIGRAM,bigdata=BIGRAM -pbss=RAM \
  -pidata=CODE,irdata=CODE,ibigdata=CODE,ifardata=CODE -prparam=COMRAM \
  /tmp/xcXlJFakk.o \
  dist/default/production/TFTDriveST7735PIC18f45k20.X.production.o 

Object code version is 3.11

Machine type is 18F45K20



                Name                               Link     Load   Length Selector   Space Scale
/tmp/xcXlJFakk.o
                idloc                            200000   200000        8        0       5
                config                           300000   300000        E        0       4
                init                                  0        0        4        0       0
dist/default/production/TFTDriveST7735PIC18f45k20.X.production.o
                idloc                            200000   200000        8        0       5
                config                           300000   300000        E        0       4
                mediumconst                        7E04     7E04      1FC     3F02       0
                text32                             699E     699E        A     34CF       0
                text31                             6A80     6A80       32     3540       0
                text30                             69EC     69EC       12     34F6       0
                text29                             69CC     69CC       10     34E6       0
                text28                             69FE     69FE       12     34FF       0
                text27                             6D68     6D68       98     36B4       0
                text26                             730C     730C      188     3986       0
                text25                             71A8     71A8      164     38D4       0
                text24                             6AF0     6AF0       40     3578       0
                text23                             699C     699C        2     34CE       0
                text22                             6EC2     6EC2       CA     3761       0
                text21                             6B30     6B30       44     3598       0
                text20                             6C00     6C00       4E     3600       0
                text19                             6E00     6E00       C2     3700       0
                text18                             7846     7846      2DE     3C23       0
                text17                             7494     7494      1B4     3A4A       0
                text16                             6CA0     6CA0       62     3650       0
                text15                             6C4E     6C4E       52     3627       0
                text14                             6A10     6A10       1A     3508       0
                text13                             69BE     69BE        E     34DF       0
                text12                             69A8     69A8        A     34D4       0
                text11                             6B74     6B74       46     35BA       0
                text10                             69DC     69DC       10     34EE       0
                text9                              6AB2     6AB2       3E     3559       0
                text8                              6A5E     6A5E       22     352F       0
                text7                              6D02     6D02       66     3681       0
                text6                              7648     7648      1FE     3B24       0
                text5                              708C     708C      11C     3846       0
                text4                              6BBA     6BBA       46     35DD       0
                text3                              7B24     7B24      2E0     3D92       0
                text2                              6A2A     6A2A       1A     3515       0
                text1                              6F8C     6F8C      100     37C6       0
                text0                              69B2     69B2        C     34D9       0
                cstackCOMRAM                          1        1       5D        1       1
                cstackBANK0                          8A       8A       1A       60       1
                bssBANK0                             60       60       2A       60       1
                bssCOMRAM                            5E       5E        2        1       1
                cinit                              6A44     6A44       1A     3522       0

TOTAL           Name                               Link     Load   Length     Space
        CLASS   CODE           
                init                                  0        0        4         0
                text32                             699E     699E        A         0
                text31                             6A80     6A80       32         0
                text30                             69EC     69EC       12         0
                text29                             69CC     69CC       10         0
                text28                             69FE     69FE       12         0
                text27                             6D68     6D68       98         0
                text26                             730C     730C      188         0
                text25                             71A8     71A8      164         0
                text24                             6AF0     6AF0       40         0
                text23                             699C     699C        2         0
                text22                             6EC2     6EC2       CA         0
                text21                             6B30     6B30       44         0
                text20                             6C00     6C00       4E         0
                text19                             6E00     6E00       C2         0
                text18                             7846     7846      2DE         0
                text17                             7494     7494      1B4         0
                text16                             6CA0     6CA0       62         0
                text15                             6C4E     6C4E       52         0
                text14                             6A10     6A10       1A         0
                text13                             69BE     69BE        E         0
                text12                             69A8     69A8        A         0
                text11                             6B74     6B74       46         0
                text10                             69DC     69DC       10         0
                text9                              6AB2     6AB2       3E         0
                text8                              6A5E     6A5E       22         0
                text7                              6D02     6D02       66         0
                text6                              7648     7648      1FE         0
                text5                              708C     708C      11C         0
                text4                              6BBA     6BBA       46         0
                text3                              7B24     7B24      2E0         0
                text2                              6A2A     6A2A       1A         0
                text1                              6F8C     6F8C      100         0
                text0                              69B2     69B2        C         0
                cinit                              6A44     6A44       1A         0

        CLASS   CONST          

        CLASS   SMALLCONST     

        CLASS   MEDIUMCONST    
                mediumconst                        7E04     7E04      1FC         0

        CLASS   COMRAM         
                cstackCOMRAM                          1        1       5D         1
                bssCOMRAM                            5E       5E        2         1

        CLASS   ABS1           

        CLASS   BIGRAM         

        CLASS   RAM            

        CLASS   BANK0          
                cstackBANK0                          8A       8A       1A         1
                bssBANK0                             60       60       2A         1

        CLASS   BANK1          

        CLASS   BANK2          

        CLASS   BANK3          

        CLASS   BANK4          

        CLASS   BANK5          

        CLASS   SFR            

        CLASS   BIGSFR         

        CLASS   CONFIG         
                config                           300000   300000        E         4

        CLASS   IDLOC          
                idloc                            200000   200000        8         5

        CLASS   EEDATA         

        CLASS   FARRAM         

        CLASS   HEAP           

        CLASS   STACK          



SEGMENTS        Name                           Load    Length   Top    Selector   Space  Class

                text20                         006C00  00004E  006C4E      3600       0  CODE    
                text15                         006C4E  000052  006CA0      3627       0  CODE    
                text16                         006CA0  000062  006D02      3650       0  CODE    
                text4                          006BBA  000046  006C00      35DD       0  CODE    
                text24                         006AF0  000040  006B30      3578       0  CODE    
                text21                         006B30  000044  006B74      3598       0  CODE    
                text11                         006B74  000046  006BBA      35BA       0  CODE    
                text1                          006F8C  000100  00708C      37C6       0  CODE    
                text5                          00708C  00011C  0071A8      3846       0  CODE    
                text25                         0071A8  000164  00730C      38D4       0  CODE    
                text22                         006EC2  0000CA  006F8C      3761       0  CODE    
                text7                          006D02  000066  006D68      3681       0  CODE    
                text27                         006D68  000098  006E00      36B4       0  CODE    
                text19                         006E00  0000C2  006EC2      3700       0  CODE    
                text9                          006AB2  00003E  006AF0      3559       0  CODE    
                text13                         0069BE  00000E  0069CC      34DF       0  CODE    
                text29                         0069CC  000010  0069DC      34E6       0  CODE    
                text10                         0069DC  000010  0069EC      34EE       0  CODE    
                text0                          0069B2  00000C  0069BE      34D9       0  CODE    
                text23                         00699C  000002  00699E      34CE       0  CODE    
                text32                         00699E  00000A  0069A8      34CF       0  CODE    
                text12                         0069A8  00000A  0069B2      34D4       0  CODE    
                cinit                          006A44  00001A  006A5E      3522       0  CODE    
                text8                          006A5E  000022  006A80      352F       0  CODE    
                text31                         006A80  000032  006AB2      3540       0  CODE    
                text2                          006A2A  00001A  006A44      3515       0  CODE    
                text30                         0069EC  000012  0069FE      34F6       0  CODE    
                text28                         0069FE  000012  006A10      34FF       0  CODE    
                text14                         006A10  00001A  006A2A      3508       0  CODE    
                reset_vec                      000000  000004  000004         0       0  CODE    
                cstackCOMRAM                   000001  00005F  000060         1       1  COMRAM  
                mediumconst                    007E04  0001FC  008000      3F02       0  MEDIUMCO
                bssBANK0                       000060  000044  0000A4        60       1  BANK0   
                text6                          007648  0001FE  007846      3B24       0  CODE    
                text17                         007494  0001B4  007648      3A4A       0  CODE    
                text18                         007846  0002DE  007B24      3C23       0  CODE    
                text26                         00730C  000188  007494      3986       0  CODE    
                text3                          007B24  0002E0  007E04      3D92       0  CODE    


UNUSED ADDRESS RANGES

        Name                Unused          Largest block    Delta
        BANK0            0000A4-0000FF               5C
        BANK1            000100-0001FF              100
        BANK2            000200-0002FF              100
        BANK3            000300-0003FF              100
        BANK4            000400-0004FF              100
        BANK5            000500-0005FF              100
        BIGRAM           0000A4-0005FF              55C
        BIGSFR           000F60-000FFF               A0
        CODE             000004-00699B             6998
        CONST            000004-00699B             6998
        EEDATA           F00000-F000FF              100
        MEDIUMCONST      000600-00699B             639C
        RAM              0000A4-0005FF              100
        SFR              000F60-000FFF               A0
        SMALLCONST       000600-00699B              100

                                  Symbol Table

?___aodiv                        cstackCOMRAM 000001
?___aomod                        cstackCOMRAM 000001
?_abs                            cstackCOMRAM 000013
?_dtoa                           cstackCOMRAM 00001C
?_pad                            cstackCOMRAM 000011
?_sprintf                        cstackCOMRAM 000058
?_strlen                         cstackCOMRAM 000001
?_vfpfcnvrt                      cstackCOMRAM 000040
?_vfprintf                       cstackCOMRAM 000050
SPI_ExchangeByte@data            cstackCOMRAM 000001
SPI_Open@spiUniqueConfiguration  cstackCOMRAM 000002
_ANSEL                           (abs)        000F7E
_ANSELH                          (abs)        000F7F
_FRM_CNT                         mediumconst  007FE4
_Font                            mediumconst  007E05
_Font2                           mediumconst  007F04
_INTCON2bits                     (abs)        000FF1
_INTCONbits                      (abs)        000FF2
_LATA                            (abs)        000F89
_LATB                            (abs)        000F8A
_LATC                            (abs)        000F8B
_LATD                            (abs)        000F8C
_LATDbits                        (abs)        000F8C
_LATE                            (abs)        000F8D
_OSCCON                          (abs)        000FD3
_OSCILLATOR_Initialize           text32       00699E
_OSCTUNE                         (abs)        000F9B
_PIN_MANAGER_Initialize          text31       006A80
_PIR1bits                        (abs)        000F9E
_PR2                             (abs)        000FCB
_SPI_ExchangeByte                text14       006A10
_SPI_Initialize                  text30       0069EC
_SPI_Open                        text27       006D68
_SSPADD                          (abs)        000FC8
_SSPBUF                          (abs)        000FC9
_SSPCON1                         (abs)        000FC6
_SSPCON1bits                     (abs)        000FC6
_SSPCON2                         (abs)        000FC5
_SSPSTAT                         (abs)        000FC7
_SYSTEM_Initialize               text28       0069FE
_T2CON                           (abs)        000FCA
_T2CONbits                       (abs)        000FCA
_TMR2                            (abs)        000FCC
_TMR2_Initialize                 text29       0069CC
_TRISA                           (abs)        000F92
_TRISB                           (abs)        000F93
_TRISC                           (abs)        000F94
_TRISCbits                       (abs)        000F94
_TRISD                           (abs)        000F95
_TRISE                           (abs)        000F96
_WPUB                            (abs)        000F7C
__HRAM                           (abs)        000000
__Habs1                          abs1         000000
__Hbank0                         bank0        000000
__Hbank1                         bank1        000000
__Hbank2                         bank2        000000
__Hbank3                         bank3        000000
__Hbank4                         bank4        000000
__Hbank5                         bank5        000000
__Hbigbss                        bigbss       000000
__Hbigdata                       bigdata      000000
__Hbigram                        bigram       000000
__Hbigsfr                        bigsfr       000000
__Hbss                           bss          000000
__HbssBANK0                      bssBANK0     000000
__HbssCOMRAM                     bssCOMRAM    000000
__Hcinit                         cinit        000000
__Hclrtext                       clrtext      000000
__Hcomram                        comram       000000
__Hconfig                        config       30000E
__Hconst                         const        000000
__HcstackBANK0                   cstackBANK0  000000
__HcstackCOMRAM                  cstackCOMRAM 000000
__Hdata                          data         000000
__Heeprom_data                   eeprom_data  000000
__Hfarbss                        farbss       000000
__Hfardata                       fardata      000000
__Hheap                          heap         000000
__Hibigdata                      ibigdata     000000
__Hidata                         idata        000000
__Hidloc                         idloc        200008
__Hifardata                      ifardata     000000
__Hinit                          init         000004
__Hintcode                       intcode      000000
__Hintcode_body                  intcode_body 000000
__Hintcodelo                     intcodelo    000000
__Hintentry                      intentry     000000
__Hintret                        intret       000000
__Hintsave_regs                  intsave_regs 000000
__Hirdata                        irdata       000000
__Hmediumconst                   mediumconst  008000
__HnvFARRAM                      nvFARRAM     000000
__Hnvbit                         nvbit        000000
__Hnvrram                        nvrram       000000
__Hparam                         rparam       000000
__Hpowerup                       powerup      000000
__Hram                           ram          000000
__Hramtop                        ramtop       000600
__Hrbit                          rbit         000000
__Hrbss                          rbss         000000
__Hrdata                         rdata        000000
__Hreset_vec                     reset_vec    000000
__Hrparam                        rparam       000000
__Hsfr                           sfr          000000
__Hsmallconst                    smallconst   000000
__Hspace_0                       (abs)        008000
__Hspace_1                       (abs)        0000A4
__Hspace_2                       (abs)        000000
__Hspace_4                       (abs)        60000E
__Hstack                         stack        000000
__Hstruct                        struct       000000
__Htemp                          temp         000000
__Htext                          text         000000
__Htext0                         text0        000000
__Htext1                         text1        000000
__Htext10                        text10       000000
__Htext11                        text11       000000
__Htext12                        text12       000000
__Htext13                        text13       000000
__Htext14                        text14       000000
__Htext15                        text15       000000
__Htext16                        text16       000000
__Htext17                        text17       000000
__Htext18                        text18       000000
__Htext19                        text19       000000
__Htext2                         text2        000000
__Htext20                        text20       000000
__Htext21                        text21       000000
__Htext22                        text22       000000
__Htext23                        text23       000000
__Htext24                        text24       000000
__Htext25                        text25       000000
__Htext26                        text26       000000
__Htext27                        text27       000000
__Htext28                        text28       000000
__Htext29                        text29       000000
__Htext3                         text3        000000
__Htext30                        text30       000000
__Htext31                        text31       000000
__Htext32                        text32       000000
__Htext4                         text4        000000
__Htext5                         text5        000000
__Htext6                         text6        000000
__Htext7                         text7        000000
__Htext8                         text8        000000
__Htext9                         text9        000000
__LRAM                           (abs)        000001
__Labs1                          abs1         000000
__Lbank0                         bank0        000000
__Lbank1                         bank1        000000
__Lbank2                         bank2        000000
__Lbank3                         bank3        000000
__Lbank4                         bank4        000000
__Lbank5                         bank5        000000
__Lbigbss                        bigbss       000000
__Lbigdata                       bigdata      000000
__Lbigram                        bigram       000000
__Lbigsfr                        bigsfr       000000
__Lbss                           bss          000000
__LbssBANK0                      bssBANK0     000000
__LbssCOMRAM                     bssCOMRAM    000000
__Lcinit                         cinit        000000
__Lclrtext                       clrtext      000000
__Lcomram                        comram       000000
__Lconfig                        config       000000
__Lconst                         const        000000
__LcstackBANK0                   cstackBANK0  000000
__LcstackCOMRAM                  cstackCOMRAM 000000
__Ldata                          data         000000
__Leeprom_data                   eeprom_data  000000
__Lfarbss                        farbss       000000
__Lfardata                       fardata      000000
__Lheap                          heap         000000
__Libigdata                      ibigdata     000000
__Lidata                         idata        000000
__Lidloc                         idloc        000000
__Lifardata                      ifardata     000000
__Linit                          init         000000
__Lintcode                       intcode      000000
__Lintcode_body                  intcode_body 000000
__Lintcodelo                     intcodelo    000000
__Lintentry                      intentry     000000
__Lintret                        intret       000000
__Lintsave_regs                  intsave_regs 000000
__Lirdata                        irdata       000000
__Lmediumconst                   mediumconst  007E04
__LnvFARRAM                      nvFARRAM     000000
__Lnvbit                         nvbit        000000
__Lnvrram                        nvrram       000000
__Lparam                         rparam       000000
__Lpowerup                       powerup      000000
__Lram                           ram          000000
__Lramtop                        ramtop       000600
__Lrbit                          rbit         000000
__Lrbss                          rbss         000000
__Lrdata                         rdata        000000
__Lreset_vec                     reset_vec    000000
__Lrparam                        rparam       000000
__Lsfr                           sfr          000000
__Lsmallconst                    smallconst   000000
__Lspace_0                       (abs)        000000
__Lspace_1                       (abs)        000000
__Lspace_2                       (abs)        000000
__Lspace_4                       (abs)        000000
__Lstack                         stack        000000
__Lstruct                        struct       000000
__Ltemp                          temp         000000
__Ltext                          text         000000
__Ltext0                         text0        000000
__Ltext1                         text1        000000
__Ltext10                        text10       000000
__Ltext11                        text11       000000
__Ltext12                        text12       000000
__Ltext13                        text13       000000
__Ltext14                        text14       000000
__Ltext15                        text15       000000
__Ltext16                        text16       000000
__Ltext17                        text17       000000
__Ltext18                        text18       000000
__Ltext19                        text19       000000
__Ltext2                         text2        000000
__Ltext20                        text20       000000
__Ltext21                        text21       000000
__Ltext22                        text22       000000
__Ltext23                        text23       000000
__Ltext24                        text24       000000
__Ltext25                        text25       000000
__Ltext26                        text26       000000
__Ltext27                        text27       000000
__Ltext28                        text28       000000
__Ltext29                        text29       000000
__Ltext3                         text3        000000
__Ltext30                        text30       000000
__Ltext31                        text31       000000
__Ltext32                        text32       000000
__Ltext4                         text4        000000
__Ltext5                         text5        000000
__Ltext6                         text6        000000
__Ltext7                         text7        000000
__Ltext8                         text8        000000
__Ltext9                         text9        000000
__S0                             (abs)        008000
__S1                             (abs)        0000A4
__S4                             (abs)        000000
__S5                             (abs)        000000
___aodiv                         text26       00730C
___aodiv@counter                 cstackCOMRAM 000011
___aodiv@dividend                cstackCOMRAM 000001
___aodiv@divisor                 cstackCOMRAM 000009
___aodiv@quotient                cstackCOMRAM 000013
___aodiv@sign                    cstackCOMRAM 000012
___aomod                         text25       0071A8
___aomod@counter                 cstackCOMRAM 000011
___aomod@dividend                cstackCOMRAM 000001
___aomod@divisor                 cstackCOMRAM 000009
___aomod@sign                    cstackCOMRAM 000012
___heap_hi                       (abs)        000000
___heap_lo                       (abs)        000000
___inthi_sp                      stack        000000
___intlo_sp                      stack        000000
___param_bank                    (abs)        000000
___rparam_used                   (abs)        000001
___sp                            stack        000000
__accesstop                      (abs)        000060
__activetblptr                   (abs)        000002
__end_of_FRM_CNT                 mediumconst  007FE7
__end_of_Font                    mediumconst  007F04
__end_of_Font2                   mediumconst  007FE0
__end_of_OSCILLATOR_Initialize   text32       0069A8
__end_of_PIN_MANAGER_Initialize  text31       006AB2
__end_of_SPI_ExchangeByte        text14       006A2A
__end_of_SPI_Initialize          text30       0069FE
__end_of_SPI_Open                text27       006E00
__end_of_SYSTEM_Initialize       text28       006A10
__end_of_TFTST_HEIGHT            mediumconst  007FEA
__end_of_TFTST_PIXEL_COUNT       mediumconst  007FE9
__end_of_TFTST_WIDTH             mediumconst  007FEB
__end_of_TMR2_Initialize         text29       0069DC
__end_of___aodiv                 text26       007494
__end_of___aomod                 text25       00730C
__end_of__initialization         cinit        006A54
__end_of_abs                     text24       006B30
__end_of_demoAnimated            text1        00708C
__end_of_dtoa                    text18       007B24
__end_of_fputc                   text22       006F8C
__end_of_fputs                   text21       006B74
__end_of_main                    text0        0069BE
__end_of_pad                     text19       006EC2
__end_of_putch                   text23       00699E
__end_of_spi_configuration       mediumconst  007FE4
__end_of_sprintf                 text15       006CA0
__end_of_strlen                  text20       006C4E
__end_of_tftstDrawChar           text6        007846
__end_of_tftstDrawHorizontalLine text9        006AF0
__end_of_tftstDrawPixel          text8        006A80
__end_of_tftstDrawText           text5        0071A8
__end_of_tftstFillRect           text7        006D68
__end_of_tftstFillScreen         text4        006C00
__end_of_tftstInit               text3        007E04
__end_of_tftstReadId             text2        006A44
__end_of_tftstSetWindow          text11       006BBA
__end_of_tftstWriteColor         text10       0069EC
__end_of_tftstWriteCommand       text13       0069CC
__end_of_tftstWriteData          text12       0069B2
__end_of_vfpfcnvrt               text17       007648
__end_of_vfprintf                text16       006D02
__initialization                 cinit        006A44
__mediumconst                    mediumconst  007E04
__pbssBANK0                      bssBANK0     000060
__pbssCOMRAM                     bssCOMRAM    00005E
__pcinit                         cinit        006A44
__pcstackBANK0                   cstackBANK0  00008A
__pcstackCOMRAM                  cstackCOMRAM 000001
__pmediumconst                   mediumconst  007E04
__ptext0                         text0        0069B2
__ptext1                         text1        006F8C
__ptext10                        text10       0069DC
__ptext11                        text11       006B74
__ptext12                        text12       0069A8
__ptext13                        text13       0069BE
__ptext14                        text14       006A10
__ptext15                        text15       006C4E
__ptext16                        text16       006CA0
__ptext17                        text17       007494
__ptext18                        text18       007846
__ptext19                        text19       006E00
__ptext2                         text2        006A2A
__ptext20                        text20       006C00
__ptext21                        text21       006B30
__ptext22                        text22       006EC2
__ptext23                        text23       00699C
__ptext24                        text24       006AF0
__ptext25                        text25       0071A8
__ptext26                        text26       00730C
__ptext27                        text27       006D68
__ptext28                        text28       0069FE
__ptext29                        text29       0069CC
__ptext3                         text3        007B24
__ptext30                        text30       0069EC
__ptext31                        text31       006A80
__ptext32                        text32       00699E
__ptext4                         text4        006BBA
__ptext5                         text5        00708C
__ptext6                         text6        007648
__ptext7                         text7        006D02
__ptext8                         text8        006A5E
__ptext9                         text9        006AB2
__ramtop                         ramtop       000600
__smallconst                     smallconst   000000
_abs                             text24       006AF0
_dbuf                            bssBANK0     000066
_demoAnimated                    text1        006F8C
_dtoa                            text18       007846
_dtoa$1100                       cstackCOMRAM 00002E
_flags                           bssCOMRAM    00005E
_fputc                           text22       006EC2
_fputs                           text21       006B30
_main                            text0        0069B2
_nout                            bssBANK0     000060
_pad                             text19       006E00
_prec                            bssBANK0     000064
_putch                           text23       00699C
_spi_configuration               mediumconst  007FE0
_sprintf                         text15       006C4E
_strlen                          text20       006C00
_tftstDrawChar                   text6        007648
_tftstDrawHorizontalLine         text9        006AB2
_tftstDrawPixel                  text8        006A5E
_tftstDrawText                   text5        00708C
_tftstFillRect                   text7        006D02
_tftstFillScreen                 text4        006BBA
_tftstInit                       text3        007B24
_tftstReadId                     text2        006A2A
_tftstSetWindow                  text11       006B74
_tftstWriteColor                 text10       0069DC
_tftstWriteCommand               text13       0069BE
_tftstWriteData                  text12       0069A8
_vfpfcnvrt                       text17       007494
_vfprintf                        text16       006CA0
_width                           bssBANK0     000062
abs@a                            cstackCOMRAM 000013
demoAnimated@bgColor             cstackBANK0  0000A1
demoAnimated@deltaY              cstackBANK0  0000A0
demoAnimated@id                  cstackBANK0  00009F
demoAnimated@idString            cstackBANK0  000097
demoAnimated@y                   cstackBANK0  0000A3
dtoa@d                           cstackCOMRAM 00001E
dtoa@fp                          cstackCOMRAM 00001C
dtoa@i                           cstackCOMRAM 00003E
dtoa@n                           cstackCOMRAM 000036
dtoa@p                           cstackCOMRAM 000030
dtoa@s                           cstackCOMRAM 000034
dtoa@w                           cstackCOMRAM 000032
end_of_initialization            cinit        006A54
fputc@c                          cstackCOMRAM 000001
fputc@fp                         cstackCOMRAM 000003
fputs@c                          cstackCOMRAM 00000E
fputs@fp                         cstackCOMRAM 00000C
fputs@i                          cstackCOMRAM 00000F
fputs@s                          cstackCOMRAM 00000A
intlevel0                        text         000000
intlevel1                        text         000000
intlevel2                        text         000000
intlevel3                        text         000000
isa$std                          (abs)        000001
isa$xinst                        (abs)        000000
pad@buf                          cstackCOMRAM 000013
pad@fp                           cstackCOMRAM 000011
pad@i                            cstackCOMRAM 000018
pad@p                            cstackCOMRAM 000015
pad@w                            cstackCOMRAM 00001A
sprintf@ap                       cstackBANK0  00008A
sprintf@f                        cstackBANK0  00008C
sprintf@fmt                      cstackCOMRAM 00005A
sprintf@s                        cstackCOMRAM 000058
stackhi                          (abs)        000000
stacklo                          (abs)        000000
start                            init         000000
start_initialization             cinit        006A44
strlen@a                         cstackCOMRAM 000003
strlen@s                         cstackCOMRAM 000001
tftstDrawChar@bg                 cstackCOMRAM 000015
tftstDrawChar@c                  cstackCOMRAM 000012
tftstDrawChar@color              cstackCOMRAM 000013
tftstDrawChar@i                  cstackCOMRAM 000021
tftstDrawChar@j                  cstackCOMRAM 000020
tftstDrawChar@line               cstackCOMRAM 00001E
tftstDrawChar@size               cstackCOMRAM 000017
tftstDrawChar@x                  cstackCOMRAM 00001F
tftstDrawChar@y                  cstackCOMRAM 000011
tftstDrawHorizontalLine@color    cstackCOMRAM 000009
tftstDrawHorizontalLine@w        cstackCOMRAM 00000B
tftstDrawHorizontalLine@width    cstackCOMRAM 000008
tftstDrawHorizontalLine@x        cstackCOMRAM 00000C
tftstDrawHorizontalLine@y        cstackCOMRAM 000007
tftstDrawPixel@color             cstackCOMRAM 000008
tftstDrawPixel@x                 cstackCOMRAM 00000A
tftstDrawPixel@y                 cstackCOMRAM 000007
tftstDrawText@_text              cstackCOMRAM 000023
tftstDrawText@bg                 cstackCOMRAM 000027
tftstDrawText@color              cstackCOMRAM 000025
tftstDrawText@cursor_x           cstackCOMRAM 000032
tftstDrawText@cursor_y           cstackCOMRAM 000031
tftstDrawText@i                  cstackCOMRAM 00002F
tftstDrawText@size               cstackCOMRAM 000029
tftstDrawText@textsize           cstackCOMRAM 00002C
tftstDrawText@x                  cstackCOMRAM 00002E
tftstDrawText@y                  cstackCOMRAM 000022
tftstFillRect@color              cstackCOMRAM 00000A
tftstFillRect@h                  cstackCOMRAM 000009
tftstFillRect@i                  cstackCOMRAM 00000E
tftstFillRect@j                  cstackCOMRAM 00000F
tftstFillRect@w                  cstackCOMRAM 000008
tftstFillRect@x                  cstackCOMRAM 000010
tftstFillRect@y                  cstackCOMRAM 000007
tftstFillScreen@color            cstackCOMRAM 000007
tftstFillScreen@counter          cstackCOMRAM 000009
tftstReadId@id1                  cstackCOMRAM 000003
tftstSetWindow@xEnd              cstackCOMRAM 000003
tftstSetWindow@xStart            cstackCOMRAM 000006
tftstSetWindow@yEnd              cstackCOMRAM 000005
tftstSetWindow@yStart            cstackCOMRAM 000004
tftstWriteColor@color            cstackCOMRAM 000003
tftstWriteCommand@cmd_           cstackCOMRAM 000002
tftstWriteData@data_             cstackCOMRAM 000002
vfpfcnvrt@ap                     cstackCOMRAM 000044
vfpfcnvrt@fmt                    cstackCOMRAM 000042
vfpfcnvrt@fp                     cstackCOMRAM 000040
vfpfcnvrt@ll                     cstackCOMRAM 000048
vfprintf@ap                      cstackCOMRAM 000054
vfprintf@cfmt                    cstackCOMRAM 000056
vfprintf@fmt                     cstackCOMRAM 000052
vfprintf@fp                      cstackCOMRAM 000050


MODULE INFORMATION

Module		Function		Class		Link	Load	Size
/opt/microchip/xc8/v2.36/pic/sources/c99/common/doprnt.c
		_vfpfcnvrt     		CODE           	7494	0000	436
		_pad           		CODE           	6E00	0000	194
		_dtoa          		CODE           	7846	0000	734
		_vfprintf      		CODE           	6CA0	0000	98

/opt/microchip/xc8/v2.36/pic/sources/c99/common/doprnt.c estimated size: 1462

/opt/microchip/xc8/v2.36/pic/sources/c99/common/nf_fputc.c
		_fputc         		CODE           	6EC2	0000	202

/opt/microchip/xc8/v2.36/pic/sources/c99/common/nf_fputc.c estimated size: 202

mcc_generated_files/tmr2.c
		_TMR2_Initialize		CODE           	69CC	0000	16

mcc_generated_files/tmr2.c estimated size: 16

/opt/microchip/xc8/v2.36/pic/sources/c99/common/putch.c
		_putch         		CODE           	699C	0000	2

/opt/microchip/xc8/v2.36/pic/sources/c99/common/putch.c estimated size: 2

/opt/microchip/xc8/v2.36/pic/sources/c99/common/aomod.c
		___aomod       		CODE           	71A8	0000	356

/opt/microchip/xc8/v2.36/pic/sources/c99/common/aomod.c estimated size: 356

mcc_generated_files/pin_manager.c
		_PIN_MANAGER_Initialize		CODE           	6A80	0000	50

mcc_generated_files/pin_manager.c estimated size: 50

mcc_generated_files/spi.c
		_SPI_ExchangeByte		CODE           	6A10	0000	26
		_SPI_Open      		CODE           	6D68	0000	152
		_SPI_Initialize		CODE           	69EC	0000	18

mcc_generated_files/spi.c estimated size: 196

/opt/microchip/xc8/v2.36/pic/sources/c99/common/abs.c
		_abs           		CODE           	6AF0	0000	64

/opt/microchip/xc8/v2.36/pic/sources/c99/common/abs.c estimated size: 64

shared
		_TFTST_PIXEL_COUNT		MEDIUMCONST    	0000	0000	0
		_FRM_CNT       		MEDIUMCONST    	7FE4	0000	3
		_TFTST_WIDTH   		MEDIUMCONST    	0000	0000	0
		__initialization		CODE           	6A44	0000	16
		_Font2         		MEDIUMCONST    	7F04	0000	220
		_spi_configuration		MEDIUMCONST    	7FE0	0000	4
		_Font          		MEDIUMCONST    	7E05	0000	255
		_TFTST_HEIGHT  		MEDIUMCONST    	0000	0000	0

shared estimated size: 498

/opt/microchip/xc8/v2.36/pic/sources/c99/common/aodiv.c
		___aodiv       		CODE           	730C	0000	392

/opt/microchip/xc8/v2.36/pic/sources/c99/common/aodiv.c estimated size: 392

mcc_generated_files/mcc.c
		_OSCILLATOR_Initialize		CODE           	699E	0000	10
		_SYSTEM_Initialize		CODE           	69FE	0000	18

mcc_generated_files/mcc.c estimated size: 28

/opt/microchip/xc8/v2.36/pic/sources/c99/common/strlen.c
		_strlen        		CODE           	6C00	0000	78

/opt/microchip/xc8/v2.36/pic/sources/c99/common/strlen.c estimated size: 78

/opt/microchip/xc8/v2.36/pic/sources/c99/common/nf_fputs.c
		_fputs         		CODE           	6B30	0000	68

/opt/microchip/xc8/v2.36/pic/sources/c99/common/nf_fputs.c estimated size: 68

./tftst.h
		_tftstReadId   		CODE           	6A2A	0000	26
		_tftstInit     		CODE           	7B24	0000	736
		_tftstFillScreen		CODE           	6BBA	0000	70
		_tftstDrawHorizontalLine		CODE           	6AB2	0000	62
		_tftstWriteColor		CODE           	69DC	0000	16
		_tftstDrawChar 		CODE           	7648	0000	510
		_tftstDrawText 		CODE           	708C	0000	284
		_tftstDrawPixel		CODE           	6A5E	0000	34
		_tftstSetWindow		CODE           	6B74	0000	70
		_tftstFillRect 		CODE           	6D02	0000	102
		_tftstWriteCommand		CODE           	69BE	0000	14
		_tftstWriteData		CODE           	69A8	0000	10

./tftst.h estimated size: 1934

main.c
		_main          		CODE           	69B2	0000	12
		_demoAnimated  		CODE           	6F8C	0000	256

main.c estimated size: 268

/opt/microchip/xc8/v2.36/pic/sources/c99/common/nf_sprintf.c
		_sprintf       		CODE           	6C4E	0000	82

/opt/microchip/xc8/v2.36/pic/sources/c99/common/nf_sprintf.c estimated size: 82

