Microchip MPLAB XC8 Compiler V2.36

Linker command line:

-W-3 --edf=/opt/microchip/xc8/v2.36/pic/dat/en_msgs.txt -cn \
  -h+dist/default/production/TFTDriveST7735PIC18f45k20.X.production.sym \
  --cmf=dist/default/production/TFTDriveST7735PIC18f45k20.X.production.cmf \
  -z -Q18F45K20 -o/tmp/xcXfIOdAm --defsym=__MPLAB_BUILD=1 \
  -Mdist/default/production/TFTDriveST7735PIC18f45k20.X.production.map \
  --md=/tmp/xcXkkMekI.dat -E1 -ver=XC8 Compiler --acfsm=1493 \
  -ACODE=00h-07FFFh -ACONST=00h-07FFFh -ASMALLCONST=0600h-06FFhx122 \
  -AMEDIUMCONST=0600h-07FFFh -ACOMRAM=01h-05Fh -AABS1=00h-05FFh \
  -ABIGRAM=01h-05FFh -ARAM=060h-0FFh,0100h-01FFhx5 -ABANK0=060h-0FFh \
  -ABANK1=0100h-01FFh -ABANK2=0200h-02FFh -ABANK3=0300h-03FFh \
  -ABANK4=0400h-04FFh -ABANK5=0500h-05FFh -ASFR=0F60h-0FFFh \
  -ABIGSFR=0F60h-0FFFh -ACONFIG=0300000h-030000Dh -AIDLOC=0200000h-0200007h \
  -AEEDATA=0F00000h-0F000FFh -peeprom_data=EEDATA \
  -preset_vec=00h,intcode,intcodelo,powerup,init -pramtop=0600h \
  -psmallconst=SMALLCONST -pmediumconst=MEDIUMCONST -pconst=CONST \
  -AFARRAM=00h-00h \
  -prdata=COMRAM,nvrram=COMRAM,nvbit=COMRAM,rbss=COMRAM,rbit=COMRAM \
  -pfarbss=FARRAM,fardata=FARRAM,nvFARRAM=FARRAM \
  -pintsave_regs=BIGRAM,bigbss=BIGRAM,bigdata=BIGRAM -pbss=RAM \
  -pidata=CODE,irdata=CODE,ibigdata=CODE,ifardata=CODE -prparam=COMRAM \
  /tmp/xcXnafijm.o \
  dist/default/production/TFTDriveST7735PIC18f45k20.X.production.o 

Object code version is 3.11

Machine type is 18F45K20



                Name                               Link     Load   Length Selector   Space Scale
/tmp/xcXnafijm.o
                idloc                            200000   200000        8        0       5
                config                           300000   300000        E        0       4
                init                                  0        0        4        0       0
dist/default/production/TFTDriveST7735PIC18f45k20.X.production.o
                idloc                            200000   200000        8        0       5
                config                           300000   300000        E        0       4
                mediumconst                        687E     687E     1782     343F       0
                text32                             541A     541A        A     2A0D       0
                text31                             54FA     54FA       32     2A7D       0
                text30                             5466     5466       12     2A33       0
                text29                             5456     5456       10     2A2B       0
                text28                             5478     5478       12     2A3C       0
                text27                             57E2     57E2       98     2BF1       0
                text26                             5D86     5D86      188     2EC3       0
                text25                             5C22     5C22      164     2E11       0
                text24                             556A     556A       40     2AB5       0
                text23                             5418     5418        2     2A0C       0
                text22                             593C     593C       CA     2C9E       0
                text21                             55AA     55AA       44     2AD5       0
                text20                             567A     567A       4E     2B3D       0
                text19                             587A     587A       C2     2C3D       0
                text18                             62C0     62C0      2DE     3160       0
                text17                             5F0E     5F0E      1B4     2F87       0
                text16                             571A     571A       62     2B8D       0
                text15                             56C8     56C8       52     2B64       0
                text14                             548A     548A       1A     2A45       0
                text13                             543A     543A        E     2A1D       0
                text12                             5424     5424        A     2A12       0
                text11                             55EE     55EE       46     2AF7       0
                text10                             5448     5448        E     2A24       0
                text9                              552C     552C       3E     2A96       0
                text8                              54D8     54D8       22     2A6C       0
                text7                              577C     577C       66     2BBE       0
                text6                              60C2     60C2      1FE     3061       0
                text5                              5B06     5B06      11C     2D83       0
                text4                              5634     5634       46     2B1A       0
                text3                              659E     659E      2E0     32CF       0
                text2                              54A4     54A4       1A     2A52       0
                text1                              5A06     5A06      100     2D03       0
                text0                              542E     542E        C     2A17       0
                cstackCOMRAM                          1        1       5D        1       1
                cstackBANK0                          8A       8A       1A       60       1
                bssBANK0                             60       60       2A       60       1
                bssCOMRAM                            5E       5E        2        1       1
                cinit                              54BE     54BE       1A     2A5F       0

TOTAL           Name                               Link     Load   Length     Space
        CLASS   CODE           
                init                                  0        0        4         0
                text32                             541A     541A        A         0
                text31                             54FA     54FA       32         0
                text30                             5466     5466       12         0
                text29                             5456     5456       10         0
                text28                             5478     5478       12         0
                text27                             57E2     57E2       98         0
                text26                             5D86     5D86      188         0
                text25                             5C22     5C22      164         0
                text24                             556A     556A       40         0
                text23                             5418     5418        2         0
                text22                             593C     593C       CA         0
                text21                             55AA     55AA       44         0
                text20                             567A     567A       4E         0
                text19                             587A     587A       C2         0
                text18                             62C0     62C0      2DE         0
                text17                             5F0E     5F0E      1B4         0
                text16                             571A     571A       62         0
                text15                             56C8     56C8       52         0
                text14                             548A     548A       1A         0
                text13                             543A     543A        E         0
                text12                             5424     5424        A         0
                text11                             55EE     55EE       46         0
                text10                             5448     5448        E         0
                text9                              552C     552C       3E         0
                text8                              54D8     54D8       22         0
                text7                              577C     577C       66         0
                text6                              60C2     60C2      1FE         0
                text5                              5B06     5B06      11C         0
                text4                              5634     5634       46         0
                text3                              659E     659E      2E0         0
                text2                              54A4     54A4       1A         0
                text1                              5A06     5A06      100         0
                text0                              542E     542E        C         0
                cinit                              54BE     54BE       1A         0

        CLASS   CONST          

        CLASS   SMALLCONST     

        CLASS   MEDIUMCONST    
                mediumconst                        687E     687E     1782         0

        CLASS   COMRAM         
                cstackCOMRAM                          1        1       5D         1
                bssCOMRAM                            5E       5E        2         1

        CLASS   ABS1           

        CLASS   BIGRAM         

        CLASS   RAM            

        CLASS   BANK0          
                cstackBANK0                          8A       8A       1A         1
                bssBANK0                             60       60       2A         1

        CLASS   BANK1          

        CLASS   BANK2          

        CLASS   BANK3          

        CLASS   BANK4          

        CLASS   BANK5          

        CLASS   SFR            

        CLASS   BIGSFR         

        CLASS   CONFIG         
                config                           300000   300000        E         4

        CLASS   IDLOC          
                idloc                            200000   200000        8         5

        CLASS   EEDATA         

        CLASS   FARRAM         

        CLASS   HEAP           

        CLASS   STACK          



SEGMENTS        Name                           Load    Length   Top    Selector   Space  Class

                text20                         00567A  00004E  0056C8      2B3D       0  CODE    
                text15                         0056C8  000052  00571A      2B64       0  CODE    
                text16                         00571A  000062  00577C      2B8D       0  CODE    
                text4                          005634  000046  00567A      2B1A       0  CODE    
                text24                         00556A  000040  0055AA      2AB5       0  CODE    
                text21                         0055AA  000044  0055EE      2AD5       0  CODE    
                text11                         0055EE  000046  005634      2AF7       0  CODE    
                text1                          005A06  000100  005B06      2D03       0  CODE    
                text5                          005B06  00011C  005C22      2D83       0  CODE    
                text25                         005C22  000164  005D86      2E11       0  CODE    
                text22                         00593C  0000CA  005A06      2C9E       0  CODE    
                text7                          00577C  000066  0057E2      2BBE       0  CODE    
                text27                         0057E2  000098  00587A      2BF1       0  CODE    
                text19                         00587A  0000C2  00593C      2C3D       0  CODE    
                text9                          00552C  00003E  00556A      2A96       0  CODE    
                text13                         00543A  00000E  005448      2A1D       0  CODE    
                text10                         005448  00000E  005456      2A24       0  CODE    
                text29                         005456  000010  005466      2A2B       0  CODE    
                text0                          00542E  00000C  00543A      2A17       0  CODE    
                text23                         005418  000002  00541A      2A0C       0  CODE    
                text32                         00541A  00000A  005424      2A0D       0  CODE    
                text12                         005424  00000A  00542E      2A12       0  CODE    
                cinit                          0054BE  00001A  0054D8      2A5F       0  CODE    
                text8                          0054D8  000022  0054FA      2A6C       0  CODE    
                text31                         0054FA  000032  00552C      2A7D       0  CODE    
                text2                          0054A4  00001A  0054BE      2A52       0  CODE    
                text30                         005466  000012  005478      2A33       0  CODE    
                text28                         005478  000012  00548A      2A3C       0  CODE    
                text14                         00548A  00001A  0054A4      2A45       0  CODE    
                reset_vec                      000000  000004  000004         0       0  CODE    
                cstackCOMRAM                   000001  00005F  000060         1       1  COMRAM  
                mediumconst                    00687E  001782  008000      343F       0  MEDIUMCO
                bssBANK0                       000060  000044  0000A4        60       1  BANK0   
                text6                          0060C2  0001FE  0062C0      3061       0  CODE    
                text17                         005F0E  0001B4  0060C2      2F87       0  CODE    
                text18                         0062C0  0002DE  00659E      3160       0  CODE    
                text26                         005D86  000188  005F0E      2EC3       0  CODE    
                text3                          00659E  0002E0  00687E      32CF       0  CODE    


UNUSED ADDRESS RANGES

        Name                Unused          Largest block    Delta
        BANK0            0000A4-0000FF               5C
        BANK1            000100-0001FF              100
        BANK2            000200-0002FF              100
        BANK3            000300-0003FF              100
        BANK4            000400-0004FF              100
        BANK5            000500-0005FF              100
        BIGRAM           0000A4-0005FF              55C
        BIGSFR           000F60-000FFF               A0
        CODE             000004-005417             5414
        CONST            000004-005417             5414
        EEDATA           F00000-F000FF              100
        MEDIUMCONST      000600-005417             4E18
        RAM              0000A4-0005FF              100
        SFR              000F60-000FFF               A0
        SMALLCONST       000600-005417              100

                                  Symbol Table

?___aodiv                        cstackCOMRAM 000001
?___aomod                        cstackCOMRAM 000001
?_abs                            cstackCOMRAM 000013
?_dtoa                           cstackCOMRAM 00001C
?_pad                            cstackCOMRAM 000011
?_sprintf                        cstackCOMRAM 000058
?_strlen                         cstackCOMRAM 000001
?_vfpfcnvrt                      cstackCOMRAM 000040
?_vfprintf                       cstackCOMRAM 000050
SPI_ExchangeByte@data            cstackCOMRAM 000001
SPI_Open@spiUniqueConfiguration  cstackCOMRAM 000002
_ANSEL                           (abs)        000F7E
_ANSELH                          (abs)        000F7F
_FHeights                        mediumconst  007C07
_FRM_CNT                         mediumconst  007FE4
_FWidths                         mediumconst  007D06
_Font                            mediumconst  007E05
_Font2                           mediumconst  007F04
_INTCON2bits                     (abs)        000FF1
_INTCONbits                      (abs)        000FF2
_LATA                            (abs)        000F89
_LATB                            (abs)        000F8A
_LATC                            (abs)        000F8B
_LATD                            (abs)        000F8C
_LATDbits                        (abs)        000F8C
_LATE                            (abs)        000F8D
_OSCCON                          (abs)        000FD3
_OSCILLATOR_Initialize           text32       00541A
_OSCTUNE                         (abs)        000F9B
_PIN_MANAGER_Initialize          text31       0054FA
_PIR1bits                        (abs)        000F9E
_PR2                             (abs)        000FCB
_SPI_ExchangeByte                text14       00548A
_SPI_Initialize                  text30       005466
_SPI_Open                        text27       0057E2
_SSPADD                          (abs)        000FC8
_SSPBUF                          (abs)        000FC9
_SSPCON1                         (abs)        000FC6
_SSPCON1bits                     (abs)        000FC6
_SSPCON2                         (abs)        000FC5
_SSPSTAT                         (abs)        000FC7
_SYSTEM_Initialize               text28       005478
_T2CON                           (abs)        000FCA
_T2CONbits                       (abs)        000FCA
_TMR2                            (abs)        000FCC
_TMR2_Initialize                 text29       005456
_TRISA                           (abs)        000F92
_TRISB                           (abs)        000F93
_TRISC                           (abs)        000F94
_TRISCbits                       (abs)        000F94
_TRISD                           (abs)        000F95
_TRISE                           (abs)        000F96
_WPUB                            (abs)        000F7C
__HRAM                           (abs)        000000
__Habs1                          abs1         000000
__Hbank0                         bank0        000000
__Hbank1                         bank1        000000
__Hbank2                         bank2        000000
__Hbank3                         bank3        000000
__Hbank4                         bank4        000000
__Hbank5                         bank5        000000
__Hbigbss                        bigbss       000000
__Hbigdata                       bigdata      000000
__Hbigram                        bigram       000000
__Hbigsfr                        bigsfr       000000
__Hbss                           bss          000000
__HbssBANK0                      bssBANK0     000000
__HbssCOMRAM                     bssCOMRAM    000000
__Hcinit                         cinit        000000
__Hclrtext                       clrtext      000000
__Hcomram                        comram       000000
__Hconfig                        config       30000E
__Hconst                         const        000000
__HcstackBANK0                   cstackBANK0  000000
__HcstackCOMRAM                  cstackCOMRAM 000000
__Hdata                          data         000000
__Heeprom_data                   eeprom_data  000000
__Hfarbss                        farbss       000000
__Hfardata                       fardata      000000
__Hheap                          heap         000000
__Hibigdata                      ibigdata     000000
__Hidata                         idata        000000
__Hidloc                         idloc        200008
__Hifardata                      ifardata     000000
__Hinit                          init         000004
__Hintcode                       intcode      000000
__Hintcode_body                  intcode_body 000000
__Hintcodelo                     intcodelo    000000
__Hintentry                      intentry     000000
__Hintret                        intret       000000
__Hintsave_regs                  intsave_regs 000000
__Hirdata                        irdata       000000
__Hmediumconst                   mediumconst  008000
__HnvFARRAM                      nvFARRAM     000000
__Hnvbit                         nvbit        000000
__Hnvrram                        nvrram       000000
__Hparam                         rparam       000000
__Hpowerup                       powerup      000000
__Hram                           ram          000000
__Hramtop                        ramtop       000600
__Hrbit                          rbit         000000
__Hrbss                          rbss         000000
__Hrdata                         rdata        000000
__Hreset_vec                     reset_vec    000000
__Hrparam                        rparam       000000
__Hsfr                           sfr          000000
__Hsmallconst                    smallconst   000000
__Hspace_0                       (abs)        008000
__Hspace_1                       (abs)        0000A4
__Hspace_2                       (abs)        000000
__Hspace_4                       (abs)        60000E
__Hstack                         stack        000000
__Hstruct                        struct       000000
__Htemp                          temp         000000
__Htext                          text         000000
__Htext0                         text0        000000
__Htext1                         text1        000000
__Htext10                        text10       000000
__Htext11                        text11       000000
__Htext12                        text12       000000
__Htext13                        text13       000000
__Htext14                        text14       000000
__Htext15                        text15       000000
__Htext16                        text16       000000
__Htext17                        text17       000000
__Htext18                        text18       000000
__Htext19                        text19       000000
__Htext2                         text2        000000
__Htext20                        text20       000000
__Htext21                        text21       000000
__Htext22                        text22       000000
__Htext23                        text23       000000
__Htext24                        text24       000000
__Htext25                        text25       000000
__Htext26                        text26       000000
__Htext27                        text27       000000
__Htext28                        text28       000000
__Htext29                        text29       000000
__Htext3                         text3        000000
__Htext30                        text30       000000
__Htext31                        text31       000000
__Htext32                        text32       000000
__Htext4                         text4        000000
__Htext5                         text5        000000
__Htext6                         text6        000000
__Htext7                         text7        000000
__Htext8                         text8        000000
__Htext9                         text9        000000
__LRAM                           (abs)        000001
__Labs1                          abs1         000000
__Lbank0                         bank0        000000
__Lbank1                         bank1        000000
__Lbank2                         bank2        000000
__Lbank3                         bank3        000000
__Lbank4                         bank4        000000
__Lbank5                         bank5        000000
__Lbigbss                        bigbss       000000
__Lbigdata                       bigdata      000000
__Lbigram                        bigram       000000
__Lbigsfr                        bigsfr       000000
__Lbss                           bss          000000
__LbssBANK0                      bssBANK0     000000
__LbssCOMRAM                     bssCOMRAM    000000
__Lcinit                         cinit        000000
__Lclrtext                       clrtext      000000
__Lcomram                        comram       000000
__Lconfig                        config       000000
__Lconst                         const        000000
__LcstackBANK0                   cstackBANK0  000000
__LcstackCOMRAM                  cstackCOMRAM 000000
__Ldata                          data         000000
__Leeprom_data                   eeprom_data  000000
__Lfarbss                        farbss       000000
__Lfardata                       fardata      000000
__Lheap                          heap         000000
__Libigdata                      ibigdata     000000
__Lidata                         idata        000000
__Lidloc                         idloc        000000
__Lifardata                      ifardata     000000
__Linit                          init         000000
__Lintcode                       intcode      000000
__Lintcode_body                  intcode_body 000000
__Lintcodelo                     intcodelo    000000
__Lintentry                      intentry     000000
__Lintret                        intret       000000
__Lintsave_regs                  intsave_regs 000000
__Lirdata                        irdata       000000
__Lmediumconst                   mediumconst  00687E
__LnvFARRAM                      nvFARRAM     000000
__Lnvbit                         nvbit        000000
__Lnvrram                        nvrram       000000
__Lparam                         rparam       000000
__Lpowerup                       powerup      000000
__Lram                           ram          000000
__Lramtop                        ramtop       000600
__Lrbit                          rbit         000000
__Lrbss                          rbss         000000
__Lrdata                         rdata        000000
__Lreset_vec                     reset_vec    000000
__Lrparam                        rparam       000000
__Lsfr                           sfr          000000
__Lsmallconst                    smallconst   000000
__Lspace_0                       (abs)        000000
__Lspace_1                       (abs)        000000
__Lspace_2                       (abs)        000000
__Lspace_4                       (abs)        000000
__Lstack                         stack        000000
__Lstruct                        struct       000000
__Ltemp                          temp         000000
__Ltext                          text         000000
__Ltext0                         text0        000000
__Ltext1                         text1        000000
__Ltext10                        text10       000000
__Ltext11                        text11       000000
__Ltext12                        text12       000000
__Ltext13                        text13       000000
__Ltext14                        text14       000000
__Ltext15                        text15       000000
__Ltext16                        text16       000000
__Ltext17                        text17       000000
__Ltext18                        text18       000000
__Ltext19                        text19       000000
__Ltext2                         text2        000000
__Ltext20                        text20       000000
__Ltext21                        text21       000000
__Ltext22                        text22       000000
__Ltext23                        text23       000000
__Ltext24                        text24       000000
__Ltext25                        text25       000000
__Ltext26                        text26       000000
__Ltext27                        text27       000000
__Ltext28                        text28       000000
__Ltext29                        text29       000000
__Ltext3                         text3        000000
__Ltext30                        text30       000000
__Ltext31                        text31       000000
__Ltext32                        text32       000000
__Ltext4                         text4        000000
__Ltext5                         text5        000000
__Ltext6                         text6        000000
__Ltext7                         text7        000000
__Ltext8                         text8        000000
__Ltext9                         text9        000000
__S0                             (abs)        008000
__S1                             (abs)        0000A4
__S4                             (abs)        000000
__S5                             (abs)        000000
___aodiv                         text26       005D86
___aodiv@counter                 cstackCOMRAM 000011
___aodiv@dividend                cstackCOMRAM 000001
___aodiv@divisor                 cstackCOMRAM 000009
___aodiv@quotient                cstackCOMRAM 000013
___aodiv@sign                    cstackCOMRAM 000012
___aomod                         text25       005C22
___aomod@counter                 cstackCOMRAM 000011
___aomod@dividend                cstackCOMRAM 000001
___aomod@divisor                 cstackCOMRAM 000009
___aomod@sign                    cstackCOMRAM 000012
___heap_hi                       (abs)        000000
___heap_lo                       (abs)        000000
___inthi_sp                      stack        000000
___intlo_sp                      stack        000000
___param_bank                    (abs)        000000
___rparam_used                   (abs)        000001
___sp                            stack        000000
__accesstop                      (abs)        000060
__activetblptr                   (abs)        000002
__end_of_FHeights                mediumconst  007D06
__end_of_FRM_CNT                 mediumconst  007FE7
__end_of_FWidths                 mediumconst  007E05
__end_of_Font                    mediumconst  007F04
__end_of_Font2                   mediumconst  007FE0
__end_of_OSCILLATOR_Initialize   text32       005424
__end_of_PIN_MANAGER_Initialize  text31       00552C
__end_of_SPI_ExchangeByte        text14       0054A4
__end_of_SPI_Initialize          text30       005478
__end_of_SPI_Open                text27       00587A
__end_of_SYSTEM_Initialize       text28       00548A
__end_of_TFTST_HEIGHT            mediumconst  007FEA
__end_of_TFTST_PIXEL_COUNT       mediumconst  007FE9
__end_of_TFTST_WIDTH             mediumconst  007FEB
__end_of_TMR2_Initialize         text29       005466
__end_of___aodiv                 text26       005F0E
__end_of___aomod                 text25       005D86
__end_of__initialization         cinit        0054CE
__end_of_abs                     text24       0055AA
__end_of_c0                      mediumconst  006A73
__end_of_c1                      mediumconst  007C07
__end_of_c2                      mediumconst  007A13
__end_of_c3                      mediumconst  00781F
__end_of_c4                      mediumconst  00762B
__end_of_c5                      mediumconst  007437
__end_of_c6                      mediumconst  007243
__end_of_c7                      mediumconst  00704F
__end_of_c8                      mediumconst  006E5B
__end_of_c9                      mediumconst  006C67
__end_of_demoAnimated            text1        005B06
__end_of_dtoa                    text18       00659E
__end_of_fputc                   text22       005A06
__end_of_fputs                   text21       0055EE
__end_of_main                    text0        00543A
__end_of_pad                     text19       00593C
__end_of_putch                   text23       00541A
__end_of_spi_configuration       mediumconst  007FE4
__end_of_sprintf                 text15       00571A
__end_of_strlen                  text20       0056C8
__end_of_tftstDrawChar           text6        0062C0
__end_of_tftstDrawHorizontalLine text9        00556A
__end_of_tftstDrawPixel          text8        0054FA
__end_of_tftstDrawText           text5        005C22
__end_of_tftstFillRect           text7        0057E2
__end_of_tftstFillScreen         text4        00567A
__end_of_tftstInit               text3        00687E
__end_of_tftstReadId             text2        0054BE
__end_of_tftstSetWindow          text11       005634
__end_of_tftstWriteColor         text10       005456
__end_of_tftstWriteCommand       text13       005448
__end_of_tftstWriteData          text12       00542E
__end_of_vfpfcnvrt               text17       0060C2
__end_of_vfprintf                text16       00577C
__initialization                 cinit        0054BE
__mediumconst                    mediumconst  00687E
__pbssBANK0                      bssBANK0     000060
__pbssCOMRAM                     bssCOMRAM    00005E
__pcinit                         cinit        0054BE
__pcstackBANK0                   cstackBANK0  00008A
__pcstackCOMRAM                  cstackCOMRAM 000001
__pmediumconst                   mediumconst  00687E
__ptext0                         text0        00542E
__ptext1                         text1        005A06
__ptext10                        text10       005448
__ptext11                        text11       0055EE
__ptext12                        text12       005424
__ptext13                        text13       00543A
__ptext14                        text14       00548A
__ptext15                        text15       0056C8
__ptext16                        text16       00571A
__ptext17                        text17       005F0E
__ptext18                        text18       0062C0
__ptext19                        text19       00587A
__ptext2                         text2        0054A4
__ptext20                        text20       00567A
__ptext21                        text21       0055AA
__ptext22                        text22       00593C
__ptext23                        text23       005418
__ptext24                        text24       00556A
__ptext25                        text25       005C22
__ptext26                        text26       005D86
__ptext27                        text27       0057E2
__ptext28                        text28       005478
__ptext29                        text29       005456
__ptext3                         text3        00659E
__ptext30                        text30       005466
__ptext31                        text31       0054FA
__ptext32                        text32       00541A
__ptext4                         text4        005634
__ptext5                         text5        005B06
__ptext6                         text6        0060C2
__ptext7                         text7        00577C
__ptext8                         text8        0054D8
__ptext9                         text9        00552C
__ramtop                         ramtop       000600
__smallconst                     smallconst   000000
_abs                             text24       00556A
_c0                              mediumconst  00687F
_c1                              mediumconst  007A13
_c2                              mediumconst  00781F
_c3                              mediumconst  00762B
_c4                              mediumconst  007437
_c5                              mediumconst  007243
_c6                              mediumconst  00704F
_c7                              mediumconst  006E5B
_c8                              mediumconst  006C67
_c9                              mediumconst  006A73
_dbuf                            bssBANK0     000066
_demoAnimated                    text1        005A06
_dtoa                            text18       0062C0
_dtoa$1112                       cstackCOMRAM 00002E
_flags                           bssCOMRAM    00005E
_fputc                           text22       00593C
_fputs                           text21       0055AA
_main                            text0        00542E
_nout                            bssBANK0     000060
_pad                             text19       00587A
_prec                            bssBANK0     000064
_putch                           text23       005418
_spi_configuration               mediumconst  007FE0
_sprintf                         text15       0056C8
_strlen                          text20       00567A
_tftstDrawChar                   text6        0060C2
_tftstDrawHorizontalLine         text9        00552C
_tftstDrawPixel                  text8        0054D8
_tftstDrawText                   text5        005B06
_tftstFillRect                   text7        00577C
_tftstFillScreen                 text4        005634
_tftstInit                       text3        00659E
_tftstReadId                     text2        0054A4
_tftstSetWindow                  text11       0055EE
_tftstWriteColor                 text10       005448
_tftstWriteCommand               text13       00543A
_tftstWriteData                  text12       005424
_vfpfcnvrt                       text17       005F0E
_vfprintf                        text16       00571A
_width                           bssBANK0     000062
abs@a                            cstackCOMRAM 000013
demoAnimated@bgColor             cstackBANK0  0000A1
demoAnimated@deltaY              cstackBANK0  0000A0
demoAnimated@id                  cstackBANK0  00009F
demoAnimated@idString            cstackBANK0  000097
demoAnimated@y                   cstackBANK0  0000A3
dtoa@d                           cstackCOMRAM 00001E
dtoa@fp                          cstackCOMRAM 00001C
dtoa@i                           cstackCOMRAM 00003E
dtoa@n                           cstackCOMRAM 000036
dtoa@p                           cstackCOMRAM 000030
dtoa@s                           cstackCOMRAM 000034
dtoa@w                           cstackCOMRAM 000032
end_of_initialization            cinit        0054CE
fputc@c                          cstackCOMRAM 000001
fputc@fp                         cstackCOMRAM 000003
fputs@c                          cstackCOMRAM 00000E
fputs@fp                         cstackCOMRAM 00000C
fputs@i                          cstackCOMRAM 00000F
fputs@s                          cstackCOMRAM 00000A
intlevel0                        text         000000
intlevel1                        text         000000
intlevel2                        text         000000
intlevel3                        text         000000
isa$std                          (abs)        000001
isa$xinst                        (abs)        000000
pad@buf                          cstackCOMRAM 000013
pad@fp                           cstackCOMRAM 000011
pad@i                            cstackCOMRAM 000018
pad@p                            cstackCOMRAM 000015
pad@w                            cstackCOMRAM 00001A
sprintf@ap                       cstackBANK0  00008A
sprintf@f                        cstackBANK0  00008C
sprintf@fmt                      cstackCOMRAM 00005A
sprintf@s                        cstackCOMRAM 000058
stackhi                          (abs)        000000
stacklo                          (abs)        000000
start                            init         000000
start_initialization             cinit        0054BE
strlen@a                         cstackCOMRAM 000003
strlen@s                         cstackCOMRAM 000001
tftstDrawChar@bg                 cstackCOMRAM 000015
tftstDrawChar@c                  cstackCOMRAM 000012
tftstDrawChar@color              cstackCOMRAM 000013
tftstDrawChar@i                  cstackCOMRAM 000021
tftstDrawChar@j                  cstackCOMRAM 000020
tftstDrawChar@line               cstackCOMRAM 00001E
tftstDrawChar@size               cstackCOMRAM 000017
tftstDrawChar@x                  cstackCOMRAM 00001F
tftstDrawChar@y                  cstackCOMRAM 000011
tftstDrawHorizontalLine@color    cstackCOMRAM 000009
tftstDrawHorizontalLine@w        cstackCOMRAM 00000B
tftstDrawHorizontalLine@width    cstackCOMRAM 000008
tftstDrawHorizontalLine@x        cstackCOMRAM 00000C
tftstDrawHorizontalLine@y        cstackCOMRAM 000007
tftstDrawPixel@color             cstackCOMRAM 000008
tftstDrawPixel@x                 cstackCOMRAM 00000A
tftstDrawPixel@y                 cstackCOMRAM 000007
tftstDrawText@_text              cstackCOMRAM 000023
tftstDrawText@bg                 cstackCOMRAM 000027
tftstDrawText@color              cstackCOMRAM 000025
tftstDrawText@cursor_x           cstackCOMRAM 000032
tftstDrawText@cursor_y           cstackCOMRAM 000031
tftstDrawText@i                  cstackCOMRAM 00002F
tftstDrawText@size               cstackCOMRAM 000029
tftstDrawText@textsize           cstackCOMRAM 00002C
tftstDrawText@x                  cstackCOMRAM 00002E
tftstDrawText@y                  cstackCOMRAM 000022
tftstFillRect@color              cstackCOMRAM 00000A
tftstFillRect@h                  cstackCOMRAM 000009
tftstFillRect@i                  cstackCOMRAM 00000E
tftstFillRect@j                  cstackCOMRAM 00000F
tftstFillRect@w                  cstackCOMRAM 000008
tftstFillRect@x                  cstackCOMRAM 000010
tftstFillRect@y                  cstackCOMRAM 000007
tftstFillScreen@color            cstackCOMRAM 000007
tftstFillScreen@counter          cstackCOMRAM 000009
tftstReadId@id1                  cstackCOMRAM 000003
tftstSetWindow@xEnd              cstackCOMRAM 000003
tftstSetWindow@xStart            cstackCOMRAM 000006
tftstSetWindow@yEnd              cstackCOMRAM 000005
tftstSetWindow@yStart            cstackCOMRAM 000004
tftstWriteColor@color            cstackCOMRAM 000003
tftstWriteCommand@cmd_           cstackCOMRAM 000002
tftstWriteData@data_             cstackCOMRAM 000002
vfpfcnvrt@ap                     cstackCOMRAM 000044
vfpfcnvrt@fmt                    cstackCOMRAM 000042
vfpfcnvrt@fp                     cstackCOMRAM 000040
vfpfcnvrt@ll                     cstackCOMRAM 000048
vfprintf@ap                      cstackCOMRAM 000054
vfprintf@cfmt                    cstackCOMRAM 000056
vfprintf@fmt                     cstackCOMRAM 000052
vfprintf@fp                      cstackCOMRAM 000050


MODULE INFORMATION

Module		Function		Class		Link	Load	Size
/opt/microchip/xc8/v2.36/pic/sources/c99/common/doprnt.c
		_vfpfcnvrt     		CODE           	5F0E	0000	436
		_pad           		CODE           	587A	0000	194
		_dtoa          		CODE           	62C0	0000	734
		_vfprintf      		CODE           	571A	0000	98

/opt/microchip/xc8/v2.36/pic/sources/c99/common/doprnt.c estimated size: 1462

/opt/microchip/xc8/v2.36/pic/sources/c99/common/nf_fputc.c
		_fputc         		CODE           	593C	0000	202

/opt/microchip/xc8/v2.36/pic/sources/c99/common/nf_fputc.c estimated size: 202

mcc_generated_files/tmr2.c
		_TMR2_Initialize		CODE           	5456	0000	16

mcc_generated_files/tmr2.c estimated size: 16

/opt/microchip/xc8/v2.36/pic/sources/c99/common/putch.c
		_putch         		CODE           	5418	0000	2

/opt/microchip/xc8/v2.36/pic/sources/c99/common/putch.c estimated size: 2

/opt/microchip/xc8/v2.36/pic/sources/c99/common/aomod.c
		___aomod       		CODE           	5C22	0000	356

/opt/microchip/xc8/v2.36/pic/sources/c99/common/aomod.c estimated size: 356

mcc_generated_files/pin_manager.c
		_PIN_MANAGER_Initialize		CODE           	54FA	0000	50

mcc_generated_files/pin_manager.c estimated size: 50

mcc_generated_files/spi.c
		_SPI_ExchangeByte		CODE           	548A	0000	26
		_SPI_Open      		CODE           	57E2	0000	152
		_SPI_Initialize		CODE           	5466	0000	18

mcc_generated_files/spi.c estimated size: 196

/opt/microchip/xc8/v2.36/pic/sources/c99/common/abs.c
		_abs           		CODE           	556A	0000	64

/opt/microchip/xc8/v2.36/pic/sources/c99/common/abs.c estimated size: 64

shared
		_FHeights      		MEDIUMCONST    	7C07	0000	255
		_TFTST_PIXEL_COUNT		MEDIUMCONST    	0000	0000	0
		_c0            		MEDIUMCONST    	687F	0000	500
		_c1            		MEDIUMCONST    	7A13	0000	500
		_c2            		MEDIUMCONST    	781F	0000	500
		_FRM_CNT       		MEDIUMCONST    	7FE4	0000	3
		_c3            		MEDIUMCONST    	762B	0000	500
		_TFTST_WIDTH   		MEDIUMCONST    	0000	0000	0
		_c4            		MEDIUMCONST    	7437	0000	500
		_c5            		MEDIUMCONST    	7243	0000	500
		_c6            		MEDIUMCONST    	704F	0000	500
		_c7            		MEDIUMCONST    	6E5B	0000	500
		_c8            		MEDIUMCONST    	6C67	0000	500
		_c9            		MEDIUMCONST    	6A73	0000	500
		__initialization		CODE           	54BE	0000	16
		_Font2         		MEDIUMCONST    	7F04	0000	220
		_spi_configuration		MEDIUMCONST    	7FE0	0000	4
		_FWidths       		MEDIUMCONST    	7D06	0000	255
		_Font          		MEDIUMCONST    	7E05	0000	255
		_TFTST_HEIGHT  		MEDIUMCONST    	0000	0000	0

shared estimated size: 6008

/opt/microchip/xc8/v2.36/pic/sources/c99/common/aodiv.c
		___aodiv       		CODE           	5D86	0000	392

/opt/microchip/xc8/v2.36/pic/sources/c99/common/aodiv.c estimated size: 392

mcc_generated_files/mcc.c
		_OSCILLATOR_Initialize		CODE           	541A	0000	10
		_SYSTEM_Initialize		CODE           	5478	0000	18

mcc_generated_files/mcc.c estimated size: 28

/opt/microchip/xc8/v2.36/pic/sources/c99/common/strlen.c
		_strlen        		CODE           	567A	0000	78

/opt/microchip/xc8/v2.36/pic/sources/c99/common/strlen.c estimated size: 78

/opt/microchip/xc8/v2.36/pic/sources/c99/common/nf_fputs.c
		_fputs         		CODE           	55AA	0000	68

/opt/microchip/xc8/v2.36/pic/sources/c99/common/nf_fputs.c estimated size: 68

./tftst.h
		_tftstReadId   		CODE           	54A4	0000	26
		_tftstInit     		CODE           	659E	0000	736
		_tftstFillScreen		CODE           	5634	0000	70
		_tftstDrawHorizontalLine		CODE           	552C	0000	62
		_tftstWriteColor		CODE           	5448	0000	14
		_tftstDrawChar 		CODE           	60C2	0000	510
		_tftstDrawText 		CODE           	5B06	0000	284
		_tftstDrawPixel		CODE           	54D8	0000	34
		_tftstSetWindow		CODE           	55EE	0000	70
		_tftstFillRect 		CODE           	577C	0000	102
		_tftstWriteCommand		CODE           	543A	0000	14
		_tftstWriteData		CODE           	5424	0000	10

./tftst.h estimated size: 1932

main.c
		_main          		CODE           	542E	0000	12
		_demoAnimated  		CODE           	5A06	0000	256

main.c estimated size: 268

/opt/microchip/xc8/v2.36/pic/sources/c99/common/nf_sprintf.c
		_sprintf       		CODE           	56C8	0000	82

/opt/microchip/xc8/v2.36/pic/sources/c99/common/nf_sprintf.c estimated size: 82

