Microchip MPLAB XC8 Compiler V2.36

Linker command line:

-W-3 --edf=/opt/microchip/xc8/v2.36/pic/dat/en_msgs.txt -cn \
  -h+dist/default/debug/TFTDriveST7735PIC18f45k20.X.debug.sym \
  --cmf=dist/default/debug/TFTDriveST7735PIC18f45k20.X.debug.cmf -z \
  -Q18F45K20 -o/tmp/xcXFJbbNA --defsym=__MPLAB_BUILD=1 \
  -Mdist/default/debug/TFTDriveST7735PIC18f45k20.X.debug.map \
  --md=/tmp/xcXeMpPap.dat -E1 -ver=XC8 Compiler --acfsm=1493 \
  -ACODE=00h-07D3Fh -ACONST=00h-07D3Fh \
  -ASMALLCONST=0600h-06FFhx119,07D00h-07D3Fh -AMEDIUMCONST=0600h-07D3Fh \
  -ACOMRAM=01h-05Fh -AABS1=00h-05EEh -ABIGRAM=01h-05EEh \
  -ARAM=060h-0FFh,0100h-01FFhx4,0500h-05EEh -ABANK0=060h-0FFh \
  -ABANK1=0100h-01FFh -ABANK2=0200h-02FFh -ABANK3=0300h-03FFh \
  -ABANK4=0400h-04FFh -ABANK5=0500h-05EEh \
  -ASFR=0F60h-0F9Bh,0F9Dh-0FD3h,0FD5h-0FDAh,0FE0h-0FE2h,0FE8h-0FEAh,0FF0h-0FFBh \
  -ABIGSFR=0F60h-0F9Bh,0F9Dh-0FD3h,0FD5h-0FDAh,0FE0h-0FE2h,0FE8h-0FEAh,0FF0h-0FFBh \
  -ACONFIG=0300000h-030000Dh -AIDLOC=0200000h-0200007h \
  -AEEDATA=0F00000h-0F000FFh -peeprom_data=EEDATA \
  -preset_vec=00h,intcode,intcodelo,powerup,init -pramtop=0600h \
  -psmallconst=SMALLCONST -pmediumconst=MEDIUMCONST -pconst=CONST \
  -AFARRAM=00h-00h \
  -prdata=COMRAM,nvrram=COMRAM,nvbit=COMRAM,rbss=COMRAM,rbit=COMRAM \
  -pfarbss=FARRAM,fardata=FARRAM,nvFARRAM=FARRAM \
  -pintsave_regs=BIGRAM,bigbss=BIGRAM,bigdata=BIGRAM -pbss=RAM \
  -pidata=CODE,irdata=CODE,ibigdata=CODE,ifardata=CODE -prparam=COMRAM \
  /tmp/xcXFnaBgM.o dist/default/debug/TFTDriveST7735PIC18f45k20.X.debug.o 

Object code version is 3.11

Machine type is 18F45K20



                Name                               Link     Load   Length Selector   Space Scale
/tmp/xcXFnaBgM.o
                idloc                            200000   200000        8        0       5
                config                           300000   300000        E        0       4
                init                                  2        2        4        0       0
                reset_vec                             0        0        2        0       0
dist/default/debug/TFTDriveST7735PIC18f45k20.X.debug.o
                idloc                            200000   200000        8        0       5
                config                           300000   300000        E        0       4
                mediumconst                        7B48     7B48      1F8     3DA4       0
                text32                             66F8     66F8        A     337C       0
                text31                             67D8     67D8       32     33EC       0
                text30                             6734     6734       12     339A       0
                text29                             6718     6718        E     338C       0
                text28                             6746     6746       12     33A3       0
                text27                             6AC0     6AC0       98     3560       0
                text26                             70C4     70C4      188     3862       0
                text25                             6F60     6F60      164     37B0       0
                text24                             6848     6848       40     3424       0
                text23                             66F6     66F6        2     337B       0
                text22                             6C1E     6C1E       CA     360F       0
                text21                             6888     6888       44     3444       0
                text20                             6958     6958       4E     34AC       0
                text19                             6B58     6B58       C6     35AC       0
                text18                             7866     7866      2E2     3C33       0
                text17                             724C     724C      1B4     3926       0
                text16                             69F8     69F8       62     34FC       0
                text15                             69A6     69A6       52     34D3       0
                text14                             6782     6782       1A     33C1       0
                text13                             6758     6758       14     33AC       0
                text12                             6702     6702        A     3381       0
                text11                             68CC     68CC       46     3466       0
                text10                             6726     6726        E     3393       0
                text9                              680A     680A       3E     3405       0
                text8                              67B6     67B6       22     33DB       0
                text7                              6A5A     6A5A       66     352D       0
                text6                              7400     7400      1FE     3A00       0
                text5                              6E1C     6E1C      144     370E       0
                text4                              6912     6912       46     3489       0
                text3                              75FE     75FE      268     3AFF       0
                text2                              679C     679C       1A     33CE       0
                text1                              6CE8     6CE8      134     3674       0
                text0                              670C     670C        C     3386       0
                cstackCOMRAM                          1        1       5F        1       1
                cstackBANK0                          88       88       18       60       1
                bssBANK0                             60       60       28       60       1
                cinit                              676C     676C       16     33B6       0

TOTAL           Name                               Link     Load   Length     Space
        CLASS   CODE           
                init                                  2        2        4         0
                reset_vec                             0        0        2         0
                text32                             66F8     66F8        A         0
                text31                             67D8     67D8       32         0
                text30                             6734     6734       12         0
                text29                             6718     6718        E         0
                text28                             6746     6746       12         0
                text27                             6AC0     6AC0       98         0
                text26                             70C4     70C4      188         0
                text25                             6F60     6F60      164         0
                text24                             6848     6848       40         0
                text23                             66F6     66F6        2         0
                text22                             6C1E     6C1E       CA         0
                text21                             6888     6888       44         0
                text20                             6958     6958       4E         0
                text19                             6B58     6B58       C6         0
                text18                             7866     7866      2E2         0
                text17                             724C     724C      1B4         0
                text16                             69F8     69F8       62         0
                text15                             69A6     69A6       52         0
                text14                             6782     6782       1A         0
                text13                             6758     6758       14         0
                text12                             6702     6702        A         0
                text11                             68CC     68CC       46         0
                text10                             6726     6726        E         0
                text9                              680A     680A       3E         0
                text8                              67B6     67B6       22         0
                text7                              6A5A     6A5A       66         0
                text6                              7400     7400      1FE         0
                text5                              6E1C     6E1C      144         0
                text4                              6912     6912       46         0
                text3                              75FE     75FE      268         0
                text2                              679C     679C       1A         0
                text1                              6CE8     6CE8      134         0
                text0                              670C     670C        C         0
                cinit                              676C     676C       16         0

        CLASS   CONST          

        CLASS   SMALLCONST     

        CLASS   MEDIUMCONST    
                mediumconst                        7B48     7B48      1F8         0

        CLASS   COMRAM         
                cstackCOMRAM                          1        1       5F         1

        CLASS   ABS1           

        CLASS   BIGRAM         

        CLASS   RAM            

        CLASS   BANK0          
                cstackBANK0                          88       88       18         1
                bssBANK0                             60       60       28         1

        CLASS   BANK1          

        CLASS   BANK2          

        CLASS   BANK3          

        CLASS   BANK4          

        CLASS   BANK5          

        CLASS   SFR            

        CLASS   BIGSFR         

        CLASS   CONFIG         
                config                           300000   300000        E         4

        CLASS   IDLOC          
                idloc                            200000   200000        8         5

        CLASS   EEDATA         

        CLASS   FARRAM         

        CLASS   HEAP           

        CLASS   STACK          



SEGMENTS        Name                           Load    Length   Top    Selector   Space  Class

                text20                         006958  00004E  0069A6      34AC       0  CODE    
                text15                         0069A6  000052  0069F8      34D3       0  CODE    
                text16                         0069F8  000062  006A5A      34FC       0  CODE    
                text4                          006912  000046  006958      3489       0  CODE    
                text24                         006848  000040  006888      3424       0  CODE    
                text21                         006888  000044  0068CC      3444       0  CODE    
                text11                         0068CC  000046  006912      3466       0  CODE    
                text1                          006CE8  000134  006E1C      3674       0  CODE    
                text5                          006E1C  000144  006F60      370E       0  CODE    
                text25                         006F60  000164  0070C4      37B0       0  CODE    
                text22                         006C1E  0000CA  006CE8      360F       0  CODE    
                text7                          006A5A  000066  006AC0      352D       0  CODE    
                text27                         006AC0  000098  006B58      3560       0  CODE    
                text19                         006B58  0000C6  006C1E      35AC       0  CODE    
                text9                          00680A  00003E  006848      3405       0  CODE    
                text29                         006718  00000E  006726      338C       0  CODE    
                text10                         006726  00000E  006734      3393       0  CODE    
                text30                         006734  000012  006746      339A       0  CODE    
                text0                          00670C  00000C  006718      3386       0  CODE    
                text23                         0066F6  000002  0066F8      337B       0  CODE    
                text32                         0066F8  00000A  006702      337C       0  CODE    
                text12                         006702  00000A  00670C      3381       0  CODE    
                text2                          00679C  00001A  0067B6      33CE       0  CODE    
                text8                          0067B6  000022  0067D8      33DB       0  CODE    
                text31                         0067D8  000032  00680A      33EC       0  CODE    
                text14                         006782  00001A  00679C      33C1       0  CODE    
                text28                         006746  000012  006758      33A3       0  CODE    
                text13                         006758  000014  00676C      33AC       0  CODE    
                cinit                          00676C  000016  006782      33B6       0  CODE    
                reset_vec                      000000  000006  000006         0       0  CODE    
                cstackCOMRAM                   000001  00005F  000060         1       1  COMRAM  
                mediumconst                    007B48  0001F8  007D40      3DA4       0  MEDIUMCO
                text6                          007400  0001FE  0075FE      3A00       0  CODE    
                text17                         00724C  0001B4  007400      3926       0  CODE    
                text3                          0075FE  000268  007866      3AFF       0  CODE    
                text26                         0070C4  000188  00724C      3862       0  CODE    
                text18                         007866  0002E2  007B48      3C33       0  CODE    
                bssBANK0                       000060  000040  0000A0        60       1  BANK0   


UNUSED ADDRESS RANGES

        Name                Unused          Largest block    Delta
        BANK0            0000A0-0000FF               60
        BANK1            000100-0001FF              100
        BANK2            000200-0002FF              100
        BANK3            000300-0003FF              100
        BANK4            000400-0004FF              100
        BANK5            000500-0005EE               EF
        BIGRAM           0000A0-0005EE              54F
        BIGSFR           000F60-000F9B               3C
                         000F9D-000FD3               37
                         000FD5-000FDA                6
                         000FE0-000FE2                3
                         000FE8-000FEA                3
                         000FF0-000FFB                C
        CODE             000006-0066F5             66F0
        CONST            000006-0066F5             66F0
        EEDATA           F00000-F000FF              100
        MEDIUMCONST      000600-0066F5             60F6
        RAM              0000A0-0005EE              100
        SFR              000F60-000F9B               3C
                         000F9D-000FD3               37
                         000FD5-000FDA                6
                         000FE0-000FE2                3
                         000FE8-000FEA                3
                         000FF0-000FFB                C
        SMALLCONST       000600-0066F5              100

                                  Symbol Table

?___aodiv                        cstackCOMRAM 000001
?___aomod                        cstackCOMRAM 000001
?_abs                            cstackCOMRAM 000013
?_dtoa                           cstackCOMRAM 00001C
?_pad                            cstackCOMRAM 000011
?_sprintf                        cstackCOMRAM 000058
?_strlen                         cstackCOMRAM 000001
?_vfpfcnvrt                      cstackCOMRAM 000040
?_vfprintf                       cstackCOMRAM 000050
SPI_ExchangeByte@data            cstackCOMRAM 000001
SPI_Open@spiUniqueConfiguration  cstackCOMRAM 000002
_ANSEL                           (abs)        000F7E
_ANSELH                          (abs)        000F7F
_Font                            mediumconst  007B49
_Font2                           mediumconst  007C48
_INTCON2bits                     (abs)        000FF1
_INTCONbits                      (abs)        000FF2
_LATA                            (abs)        000F89
_LATB                            (abs)        000F8A
_LATC                            (abs)        000F8B
_LATD                            (abs)        000F8C
_LATDbits                        (abs)        000F8C
_LATE                            (abs)        000F8D
_OSCCON                          (abs)        000FD3
_OSCILLATOR_Initialize           text32       0066F8
_OSCTUNE                         (abs)        000F9B
_PIN_MANAGER_Initialize          text31       0067D8
_PIR1bits                        (abs)        000F9E
_PR2                             (abs)        000FCB
_SPI_ExchangeByte                text14       006782
_SPI_Initialize                  text30       006734
_SPI_Open                        text27       006AC0
_SSPADD                          (abs)        000FC8
_SSPBUF                          (abs)        000FC9
_SSPCON1                         (abs)        000FC6
_SSPCON1bits                     (abs)        000FC6
_SSPCON2                         (abs)        000FC5
_SSPSTAT                         (abs)        000FC7
_SYSTEM_Initialize               text28       006746
_T2CON                           (abs)        000FCA
_T2CONbits                       (abs)        000FCA
_TMR2                            (abs)        000FCC
_TMR2_Initialize                 text29       006718
_TRISA                           (abs)        000F92
_TRISB                           (abs)        000F93
_TRISC                           (abs)        000F94
_TRISCbits                       (abs)        000F94
_TRISD                           (abs)        000F95
_TRISE                           (abs)        000F96
_WPUB                            (abs)        000F7C
__HRAM                           (abs)        000000
__Habs1                          abs1         000000
__Hbank0                         bank0        000000
__Hbank1                         bank1        000000
__Hbank2                         bank2        000000
__Hbank3                         bank3        000000
__Hbank4                         bank4        000000
__Hbank5                         bank5        000000
__Hbigbss                        bigbss       000000
__Hbigdata                       bigdata      000000
__Hbigram                        bigram       000000
__Hbigsfr                        bigsfr       000000
__Hbss                           bss          000000
__HbssBANK0                      bssBANK0     000000
__Hcinit                         cinit        000000
__Hclrtext                       clrtext      000000
__Hcomram                        comram       000000
__Hconfig                        config       30000E
__Hconst                         const        000000
__HcstackBANK0                   cstackBANK0  000000
__HcstackCOMRAM                  cstackCOMRAM 000000
__Hdata                          data         000000
__Heeprom_data                   eeprom_data  000000
__Hfarbss                        farbss       000000
__Hfardata                       fardata      000000
__Hheap                          heap         000000
__Hibigdata                      ibigdata     000000
__Hidata                         idata        000000
__Hidloc                         idloc        200008
__Hifardata                      ifardata     000000
__Hinit                          init         000006
__Hintcode                       intcode      000002
__Hintcode_body                  intcode_body 000000
__Hintcodelo                     intcodelo    000002
__Hintentry                      intentry     000000
__Hintret                        intret       000000
__Hintsave_regs                  intsave_regs 000000
__Hirdata                        irdata       000000
__Hmediumconst                   mediumconst  007D40
__HnvFARRAM                      nvFARRAM     000000
__Hnvbit                         nvbit        000000
__Hnvrram                        nvrram       000000
__Hparam                         rparam       000000
__Hpowerup                       powerup      000002
__Hram                           ram          000000
__Hramtop                        ramtop       000600
__Hrbit                          rbit         000000
__Hrbss                          rbss         000000
__Hrdata                         rdata        000000
__Hreset_vec                     reset_vec    000002
__Hrparam                        rparam       000000
__Hsfr                           sfr          000000
__Hsmallconst                    smallconst   000000
__Hspace_0                       (abs)        007D40
__Hspace_1                       (abs)        0000A0
__Hspace_2                       (abs)        000000
__Hspace_4                       (abs)        60000E
__Hstack                         stack        000000
__Hstruct                        struct       000000
__Htemp                          temp         000000
__Htext                          text         000000
__Htext0                         text0        000000
__Htext1                         text1        000000
__Htext10                        text10       000000
__Htext11                        text11       000000
__Htext12                        text12       000000
__Htext13                        text13       000000
__Htext14                        text14       000000
__Htext15                        text15       000000
__Htext16                        text16       000000
__Htext17                        text17       000000
__Htext18                        text18       000000
__Htext19                        text19       000000
__Htext2                         text2        000000
__Htext20                        text20       000000
__Htext21                        text21       000000
__Htext22                        text22       000000
__Htext23                        text23       000000
__Htext24                        text24       000000
__Htext25                        text25       000000
__Htext26                        text26       000000
__Htext27                        text27       000000
__Htext28                        text28       000000
__Htext29                        text29       000000
__Htext3                         text3        000000
__Htext30                        text30       000000
__Htext31                        text31       000000
__Htext32                        text32       000000
__Htext4                         text4        000000
__Htext5                         text5        000000
__Htext6                         text6        000000
__Htext7                         text7        000000
__Htext8                         text8        000000
__Htext9                         text9        000000
__LRAM                           (abs)        000001
__Labs1                          abs1         000000
__Lbank0                         bank0        000000
__Lbank1                         bank1        000000
__Lbank2                         bank2        000000
__Lbank3                         bank3        000000
__Lbank4                         bank4        000000
__Lbank5                         bank5        000000
__Lbigbss                        bigbss       000000
__Lbigdata                       bigdata      000000
__Lbigram                        bigram       000000
__Lbigsfr                        bigsfr       000000
__Lbss                           bss          000000
__LbssBANK0                      bssBANK0     000000
__Lcinit                         cinit        000000
__Lclrtext                       clrtext      000000
__Lcomram                        comram       000000
__Lconfig                        config       000000
__Lconst                         const        000000
__LcstackBANK0                   cstackBANK0  000000
__LcstackCOMRAM                  cstackCOMRAM 000000
__Ldata                          data         000000
__Leeprom_data                   eeprom_data  000000
__Lfarbss                        farbss       000000
__Lfardata                       fardata      000000
__Lheap                          heap         000000
__Libigdata                      ibigdata     000000
__Lidata                         idata        000000
__Lidloc                         idloc        000000
__Lifardata                      ifardata     000000
__Linit                          init         000002
__Lintcode                       intcode      000002
__Lintcode_body                  intcode_body 000000
__Lintcodelo                     intcodelo    000002
__Lintentry                      intentry     000000
__Lintret                        intret       000000
__Lintsave_regs                  intsave_regs 000000
__Lirdata                        irdata       000000
__Lmediumconst                   mediumconst  007B48
__LnvFARRAM                      nvFARRAM     000000
__Lnvbit                         nvbit        000000
__Lnvrram                        nvrram       000000
__Lparam                         rparam       000000
__Lpowerup                       powerup      000002
__Lram                           ram          000000
__Lramtop                        ramtop       000600
__Lrbit                          rbit         000000
__Lrbss                          rbss         000000
__Lrdata                         rdata        000000
__Lreset_vec                     reset_vec    000000
__Lrparam                        rparam       000000
__Lsfr                           sfr          000000
__Lsmallconst                    smallconst   000000
__Lspace_0                       (abs)        000000
__Lspace_1                       (abs)        000000
__Lspace_2                       (abs)        000000
__Lspace_4                       (abs)        000000
__Lstack                         stack        000000
__Lstruct                        struct       000000
__Ltemp                          temp         000000
__Ltext                          text         000000
__Ltext0                         text0        000000
__Ltext1                         text1        000000
__Ltext10                        text10       000000
__Ltext11                        text11       000000
__Ltext12                        text12       000000
__Ltext13                        text13       000000
__Ltext14                        text14       000000
__Ltext15                        text15       000000
__Ltext16                        text16       000000
__Ltext17                        text17       000000
__Ltext18                        text18       000000
__Ltext19                        text19       000000
__Ltext2                         text2        000000
__Ltext20                        text20       000000
__Ltext21                        text21       000000
__Ltext22                        text22       000000
__Ltext23                        text23       000000
__Ltext24                        text24       000000
__Ltext25                        text25       000000
__Ltext26                        text26       000000
__Ltext27                        text27       000000
__Ltext28                        text28       000000
__Ltext29                        text29       000000
__Ltext3                         text3        000000
__Ltext30                        text30       000000
__Ltext31                        text31       000000
__Ltext32                        text32       000000
__Ltext4                         text4        000000
__Ltext5                         text5        000000
__Ltext6                         text6        000000
__Ltext7                         text7        000000
__Ltext8                         text8        000000
__Ltext9                         text9        000000
__S0                             (abs)        007D40
__S1                             (abs)        0000A0
__S4                             (abs)        000000
__S5                             (abs)        000000
___aodiv                         text26       0070C4
___aodiv@counter                 cstackCOMRAM 000011
___aodiv@dividend                cstackCOMRAM 000001
___aodiv@divisor                 cstackCOMRAM 000009
___aodiv@quotient                cstackCOMRAM 000013
___aodiv@sign                    cstackCOMRAM 000012
___aomod                         text25       006F60
___aomod@counter                 cstackCOMRAM 000011
___aomod@dividend                cstackCOMRAM 000001
___aomod@divisor                 cstackCOMRAM 000009
___aomod@sign                    cstackCOMRAM 000012
___heap_hi                       (abs)        000000
___heap_lo                       (abs)        000000
___inthi_sp                      stack        000000
___intlo_sp                      stack        000000
___param_bank                    (abs)        000000
___rparam_used                   (abs)        000001
___sp                            stack        000000
__accesstop                      (abs)        000060
__activetblptr                   (abs)        000002
__end_of_Font                    mediumconst  007C48
__end_of_Font2                   mediumconst  007D24
__end_of_OSCILLATOR_Initialize   text32       006702
__end_of_PIN_MANAGER_Initialize  text31       00680A
__end_of_SPI_ExchangeByte        text14       00679C
__end_of_SPI_Initialize          text30       006746
__end_of_SPI_Open                text27       006B58
__end_of_SYSTEM_Initialize       text28       006758
__end_of_TFTST_HEIGHT            mediumconst  007D2B
__end_of_TFTST_PIXEL_COUNT       mediumconst  007D2A
__end_of_TFTST_WIDTH             mediumconst  007D2C
__end_of_TMR2_Initialize         text29       006726
__end_of___aodiv                 text26       00724C
__end_of___aomod                 text25       0070C4
__end_of__initialization         cinit        006778
__end_of_abs                     text24       006888
__end_of_demo                    text1        006E1C
__end_of_dtoa                    text18       007B48
__end_of_fputc                   text22       006CE8
__end_of_fputs                   text21       0068CC
__end_of_main                    text0        006718
__end_of_pad                     text19       006C1E
__end_of_putch                   text23       0066F8
__end_of_spi_configuration       mediumconst  007D28
__end_of_sprintf                 text15       0069F8
__end_of_strlen                  text20       0069A6
__end_of_tftstDrawChar           text6        0075FE
__end_of_tftstDrawHorizontalLine text9        006848
__end_of_tftstDrawPixel          text8        0067D8
__end_of_tftstDrawText           text5        006F60
__end_of_tftstFillRect           text7        006AC0
__end_of_tftstFillScreen         text4        006958
__end_of_tftstInit               text3        007866
__end_of_tftstReadId             text2        0067B6
__end_of_tftstSetWindow          text11       006912
__end_of_tftstWriteColor         text10       006734
__end_of_tftstWriteCommand       text13       00676C
__end_of_tftstWriteData          text12       00670C
__end_of_vfpfcnvrt               text17       007400
__end_of_vfprintf                text16       006A5A
__initialization                 cinit        00676C
__mediumconst                    mediumconst  007B48
__pbssBANK0                      bssBANK0     000060
__pcinit                         cinit        00676C
__pcstackBANK0                   cstackBANK0  000088
__pcstackCOMRAM                  cstackCOMRAM 000001
__pmediumconst                   mediumconst  007B48
__ptext0                         text0        00670C
__ptext1                         text1        006CE8
__ptext10                        text10       006726
__ptext11                        text11       0068CC
__ptext12                        text12       006702
__ptext13                        text13       006758
__ptext14                        text14       006782
__ptext15                        text15       0069A6
__ptext16                        text16       0069F8
__ptext17                        text17       00724C
__ptext18                        text18       007866
__ptext19                        text19       006B58
__ptext2                         text2        00679C
__ptext20                        text20       006958
__ptext21                        text21       006888
__ptext22                        text22       006C1E
__ptext23                        text23       0066F6
__ptext24                        text24       006848
__ptext25                        text25       006F60
__ptext26                        text26       0070C4
__ptext27                        text27       006AC0
__ptext28                        text28       006746
__ptext29                        text29       006718
__ptext3                         text3        0075FE
__ptext30                        text30       006734
__ptext31                        text31       0067D8
__ptext32                        text32       0066F8
__ptext4                         text4        006912
__ptext5                         text5        006E1C
__ptext6                         text6        007400
__ptext7                         text7        006A5A
__ptext8                         text8        0067B6
__ptext9                         text9        00680A
__ramtop                         ramtop       000600
__smallconst                     smallconst   000000
_abs                             text24       006848
_dbuf                            bssBANK0     000068
_demo                            text1        006CE8
_dtoa                            text18       007866
_dtoa$1102                       cstackCOMRAM 00002E
_flags                           bssBANK0     000066
_fputc                           text22       006C1E
_fputs                           text21       006888
_main                            text0        00670C
_nout                            bssBANK0     000060
_pad                             text19       006B58
_prec                            bssBANK0     000064
_putch                           text23       0066F6
_spi_configuration               mediumconst  007D24
_sprintf                         text15       0069A6
_strlen                          text20       006958
_tftstDrawChar                   text6        007400
_tftstDrawHorizontalLine         text9        00680A
_tftstDrawPixel                  text8        0067B6
_tftstDrawText                   text5        006E1C
_tftstFillRect                   text7        006A5A
_tftstFillScreen                 text4        006912
_tftstInit                       text3        0075FE
_tftstReadId                     text2        00679C
_tftstSetWindow                  text11       0068CC
_tftstWriteColor                 text10       006726
_tftstWriteCommand               text13       006758
_tftstWriteData                  text12       006702
_vfpfcnvrt                       text17       00724C
_vfprintf                        text16       0069F8
_width                           bssBANK0     000062
abs@a                            cstackCOMRAM 000013
demo@deltaY                      cstackBANK0  00009E
demo@id                          cstackBANK0  00009D
demo@idString                    cstackBANK0  000095
demo@y                           cstackBANK0  00009F
dtoa@d                           cstackCOMRAM 00001E
dtoa@fp                          cstackCOMRAM 00001C
dtoa@i                           cstackCOMRAM 00003E
dtoa@n                           cstackCOMRAM 000036
dtoa@p                           cstackCOMRAM 000030
dtoa@s                           cstackCOMRAM 000034
dtoa@w                           cstackCOMRAM 000032
end_of_initialization            cinit        006778
fputc@c                          cstackCOMRAM 000001
fputc@fp                         cstackCOMRAM 000003
fputs@c                          cstackCOMRAM 00000E
fputs@fp                         cstackCOMRAM 00000C
fputs@i                          cstackCOMRAM 00000F
fputs@s                          cstackCOMRAM 00000A
intlevel0                        text         000000
intlevel1                        text         000000
intlevel2                        text         000000
intlevel3                        text         000000
isa$std                          (abs)        000001
isa$xinst                        (abs)        000000
pad@buf                          cstackCOMRAM 000013
pad@fp                           cstackCOMRAM 000011
pad@i                            cstackCOMRAM 000018
pad@p                            cstackCOMRAM 000015
pad@w                            cstackCOMRAM 00001A
sprintf@ap                       cstackBANK0  000088
sprintf@f                        cstackBANK0  00008A
sprintf@fmt                      cstackCOMRAM 00005A
sprintf@s                        cstackCOMRAM 000058
stackhi                          (abs)        000000
stacklo                          (abs)        000000
start                            init         000002
start_initialization             cinit        00676C
strlen@a                         cstackCOMRAM 000003
strlen@s                         cstackCOMRAM 000001
tftstDrawChar@bg                 cstackCOMRAM 000015
tftstDrawChar@c                  cstackCOMRAM 000012
tftstDrawChar@color              cstackCOMRAM 000013
tftstDrawChar@i                  cstackCOMRAM 000021
tftstDrawChar@j                  cstackCOMRAM 000020
tftstDrawChar@line               cstackCOMRAM 00001E
tftstDrawChar@size               cstackCOMRAM 000017
tftstDrawChar@x                  cstackCOMRAM 00001F
tftstDrawChar@y                  cstackCOMRAM 000011
tftstDrawHorizontalLine@color    cstackCOMRAM 000009
tftstDrawHorizontalLine@w        cstackCOMRAM 00000B
tftstDrawHorizontalLine@width    cstackCOMRAM 000008
tftstDrawHorizontalLine@x        cstackCOMRAM 00000C
tftstDrawHorizontalLine@y        cstackCOMRAM 000007
tftstDrawPixel@color             cstackCOMRAM 000008
tftstDrawPixel@x                 cstackCOMRAM 00000A
tftstDrawPixel@y                 cstackCOMRAM 000007
tftstDrawText@_text              cstackCOMRAM 000023
tftstDrawText@bg                 cstackCOMRAM 000027
tftstDrawText@color              cstackCOMRAM 000025
tftstDrawText@cursor_x           cstackCOMRAM 000032
tftstDrawText@cursor_y           cstackCOMRAM 000031
tftstDrawText@i                  cstackCOMRAM 00002F
tftstDrawText@size               cstackCOMRAM 000029
tftstDrawText@textsize           cstackCOMRAM 00002C
tftstDrawText@x                  cstackCOMRAM 00002E
tftstDrawText@y                  cstackCOMRAM 000022
tftstFillRect@color              cstackCOMRAM 00000A
tftstFillRect@h                  cstackCOMRAM 000009
tftstFillRect@i                  cstackCOMRAM 00000E
tftstFillRect@j                  cstackCOMRAM 00000F
tftstFillRect@w                  cstackCOMRAM 000008
tftstFillRect@x                  cstackCOMRAM 000010
tftstFillRect@y                  cstackCOMRAM 000007
tftstFillScreen@color            cstackCOMRAM 000007
tftstFillScreen@counter          cstackCOMRAM 000009
tftstReadId@id1                  cstackCOMRAM 000003
tftstSetWindow@xEnd              cstackCOMRAM 000003
tftstSetWindow@xStart            cstackCOMRAM 000006
tftstSetWindow@yEnd              cstackCOMRAM 000005
tftstSetWindow@yStart            cstackCOMRAM 000004
tftstWriteColor@color            cstackCOMRAM 000003
tftstWriteCommand@cmd_           cstackCOMRAM 000002
tftstWriteData@data_             cstackCOMRAM 000002
vfpfcnvrt@ap                     cstackCOMRAM 000044
vfpfcnvrt@fmt                    cstackCOMRAM 000042
vfpfcnvrt@fp                     cstackCOMRAM 000040
vfpfcnvrt@ll                     cstackCOMRAM 000048
vfprintf@ap                      cstackCOMRAM 000054
vfprintf@cfmt                    cstackCOMRAM 000056
vfprintf@fmt                     cstackCOMRAM 000052
vfprintf@fp                      cstackCOMRAM 000050


MODULE INFORMATION

Module		Function		Class		Link	Load	Size
/opt/microchip/xc8/v2.36/pic/sources/c99/common/doprnt.c
		_vfpfcnvrt     		CODE           	724C	0000	436
		_pad           		CODE           	6B58	0000	198
		_dtoa          		CODE           	7866	0000	738
		_vfprintf      		CODE           	69F8	0000	98

/opt/microchip/xc8/v2.36/pic/sources/c99/common/doprnt.c estimated size: 1470

/opt/microchip/xc8/v2.36/pic/sources/c99/common/nf_fputc.c
		_fputc         		CODE           	6C1E	0000	202

/opt/microchip/xc8/v2.36/pic/sources/c99/common/nf_fputc.c estimated size: 202

mcc_generated_files/tmr2.c
		_TMR2_Initialize		CODE           	6718	0000	14

mcc_generated_files/tmr2.c estimated size: 14

/opt/microchip/xc8/v2.36/pic/sources/c99/common/putch.c
		_putch         		CODE           	66F6	0000	2

/opt/microchip/xc8/v2.36/pic/sources/c99/common/putch.c estimated size: 2

/opt/microchip/xc8/v2.36/pic/sources/c99/common/aomod.c
		___aomod       		CODE           	6F60	0000	356

/opt/microchip/xc8/v2.36/pic/sources/c99/common/aomod.c estimated size: 356

mcc_generated_files/pin_manager.c
		_PIN_MANAGER_Initialize		CODE           	67D8	0000	50

mcc_generated_files/pin_manager.c estimated size: 50

mcc_generated_files/spi.c
		_SPI_ExchangeByte		CODE           	6782	0000	26
		_SPI_Open      		CODE           	6AC0	0000	152
		_SPI_Initialize		CODE           	6734	0000	18

mcc_generated_files/spi.c estimated size: 196

/opt/microchip/xc8/v2.36/pic/sources/c99/common/abs.c
		_abs           		CODE           	6848	0000	64

/opt/microchip/xc8/v2.36/pic/sources/c99/common/abs.c estimated size: 64

shared
		_TFTST_PIXEL_COUNT		MEDIUMCONST    	0000	0000	0
		_TFTST_WIDTH   		MEDIUMCONST    	0000	0000	0
		__initialization		CODE           	676C	0000	12
		_Font2         		MEDIUMCONST    	7C48	0000	220
		_spi_configuration		MEDIUMCONST    	7D24	0000	4
		_Font          		MEDIUMCONST    	7B49	0000	255
		_TFTST_HEIGHT  		MEDIUMCONST    	0000	0000	0

shared estimated size: 491

/opt/microchip/xc8/v2.36/pic/sources/c99/common/aodiv.c
		___aodiv       		CODE           	70C4	0000	392

/opt/microchip/xc8/v2.36/pic/sources/c99/common/aodiv.c estimated size: 392

mcc_generated_files/mcc.c
		_OSCILLATOR_Initialize		CODE           	66F8	0000	10
		_SYSTEM_Initialize		CODE           	6746	0000	18

mcc_generated_files/mcc.c estimated size: 28

/opt/microchip/xc8/v2.36/pic/sources/c99/common/strlen.c
		_strlen        		CODE           	6958	0000	78

/opt/microchip/xc8/v2.36/pic/sources/c99/common/strlen.c estimated size: 78

/opt/microchip/xc8/v2.36/pic/sources/c99/common/nf_fputs.c
		_fputs         		CODE           	6888	0000	68

/opt/microchip/xc8/v2.36/pic/sources/c99/common/nf_fputs.c estimated size: 68

./tftst.h
		_tftstReadId   		CODE           	679C	0000	26
		_tftstInit     		CODE           	75FE	0000	616
		_tftstFillScreen		CODE           	6912	0000	70
		_tftstDrawHorizontalLine		CODE           	680A	0000	62
		_tftstWriteColor		CODE           	6726	0000	14
		_tftstDrawChar 		CODE           	7400	0000	510
		_tftstDrawText 		CODE           	6E1C	0000	324
		_tftstDrawPixel		CODE           	67B6	0000	34
		_tftstSetWindow		CODE           	68CC	0000	70
		_tftstFillRect 		CODE           	6A5A	0000	102
		_tftstWriteCommand		CODE           	6758	0000	20
		_tftstWriteData		CODE           	6702	0000	10

./tftst.h estimated size: 1858

main.c
		_main          		CODE           	670C	0000	12
		_demo          		CODE           	6CE8	0000	308

main.c estimated size: 320

/opt/microchip/xc8/v2.36/pic/sources/c99/common/nf_sprintf.c
		_sprintf       		CODE           	69A6	0000	82

/opt/microchip/xc8/v2.36/pic/sources/c99/common/nf_sprintf.c estimated size: 82

